Archive member included to satisfy reference by file (symbol)

/opt/st/stm32cubeide_1.11.2/plugins/com.st.stm32cube.ide.mcu.externaltools.gnu-tools-for-stm32.10.3-2021.10.linux64_1.0.100.202210260954/tools/bin/../lib/gcc/arm-none-eabi/10.3.1/../../../../arm-none-eabi/lib/thumb/v7e-m+fp/hard/libc_nano.a(lib_a-errno.o)
                              ./Core/Src/syscalls.o (__errno)
/opt/st/stm32cubeide_1.11.2/plugins/com.st.stm32cube.ide.mcu.externaltools.gnu-tools-for-stm32.10.3-2021.10.linux64_1.0.100.202210260954/tools/bin/../lib/gcc/arm-none-eabi/10.3.1/../../../../arm-none-eabi/lib/thumb/v7e-m+fp/hard/libc_nano.a(lib_a-exit.o)
                              /opt/st/stm32cubeide_1.11.2/plugins/com.st.stm32cube.ide.mcu.externaltools.gnu-tools-for-stm32.10.3-2021.10.linux64_1.0.100.202210260954/tools/bin/../lib/gcc/arm-none-eabi/10.3.1/../../../../arm-none-eabi/lib/thumb/v7e-m+fp/hard/crt0.o (exit)
/opt/st/stm32cubeide_1.11.2/plugins/com.st.stm32cube.ide.mcu.externaltools.gnu-tools-for-stm32.10.3-2021.10.linux64_1.0.100.202210260954/tools/bin/../lib/gcc/arm-none-eabi/10.3.1/../../../../arm-none-eabi/lib/thumb/v7e-m+fp/hard/libc_nano.a(lib_a-impure.o)
                              /opt/st/stm32cubeide_1.11.2/plugins/com.st.stm32cube.ide.mcu.externaltools.gnu-tools-for-stm32.10.3-2021.10.linux64_1.0.100.202210260954/tools/bin/../lib/gcc/arm-none-eabi/10.3.1/../../../../arm-none-eabi/lib/thumb/v7e-m+fp/hard/libc_nano.a(lib_a-exit.o) (_global_impure_ptr)
/opt/st/stm32cubeide_1.11.2/plugins/com.st.stm32cube.ide.mcu.externaltools.gnu-tools-for-stm32.10.3-2021.10.linux64_1.0.100.202210260954/tools/bin/../lib/gcc/arm-none-eabi/10.3.1/../../../../arm-none-eabi/lib/thumb/v7e-m+fp/hard/libc_nano.a(lib_a-init.o)
                              /opt/st/stm32cubeide_1.11.2/plugins/com.st.stm32cube.ide.mcu.externaltools.gnu-tools-for-stm32.10.3-2021.10.linux64_1.0.100.202210260954/tools/bin/../lib/gcc/arm-none-eabi/10.3.1/../../../../arm-none-eabi/lib/thumb/v7e-m+fp/hard/crt0.o (__libc_init_array)
/opt/st/stm32cubeide_1.11.2/plugins/com.st.stm32cube.ide.mcu.externaltools.gnu-tools-for-stm32.10.3-2021.10.linux64_1.0.100.202210260954/tools/bin/../lib/gcc/arm-none-eabi/10.3.1/../../../../arm-none-eabi/lib/thumb/v7e-m+fp/hard/libc_nano.a(lib_a-memcpy-stub.o)
                              ./Core/Src/main.o (memcpy)
/opt/st/stm32cubeide_1.11.2/plugins/com.st.stm32cube.ide.mcu.externaltools.gnu-tools-for-stm32.10.3-2021.10.linux64_1.0.100.202210260954/tools/bin/../lib/gcc/arm-none-eabi/10.3.1/../../../../arm-none-eabi/lib/thumb/v7e-m+fp/hard/libc_nano.a(lib_a-memset.o)
                              /opt/st/stm32cubeide_1.11.2/plugins/com.st.stm32cube.ide.mcu.externaltools.gnu-tools-for-stm32.10.3-2021.10.linux64_1.0.100.202210260954/tools/bin/../lib/gcc/arm-none-eabi/10.3.1/../../../../arm-none-eabi/lib/thumb/v7e-m+fp/hard/crt0.o (memset)
/opt/st/stm32cubeide_1.11.2/plugins/com.st.stm32cube.ide.mcu.externaltools.gnu-tools-for-stm32.10.3-2021.10.linux64_1.0.100.202210260954/tools/bin/../lib/gcc/arm-none-eabi/10.3.1/thumb/v7e-m+fp/hard/libgcc.a(_aeabi_uldivmod.o)
                              ./Drivers/STM32F4xx_HAL_Driver/Src/stm32f4xx_hal_rcc.o (__aeabi_uldivmod)
/opt/st/stm32cubeide_1.11.2/plugins/com.st.stm32cube.ide.mcu.externaltools.gnu-tools-for-stm32.10.3-2021.10.linux64_1.0.100.202210260954/tools/bin/../lib/gcc/arm-none-eabi/10.3.1/thumb/v7e-m+fp/hard/libgcc.a(_udivmoddi4.o)
                              /opt/st/stm32cubeide_1.11.2/plugins/com.st.stm32cube.ide.mcu.externaltools.gnu-tools-for-stm32.10.3-2021.10.linux64_1.0.100.202210260954/tools/bin/../lib/gcc/arm-none-eabi/10.3.1/thumb/v7e-m+fp/hard/libgcc.a(_aeabi_uldivmod.o) (__udivmoddi4)
/opt/st/stm32cubeide_1.11.2/plugins/com.st.stm32cube.ide.mcu.externaltools.gnu-tools-for-stm32.10.3-2021.10.linux64_1.0.100.202210260954/tools/bin/../lib/gcc/arm-none-eabi/10.3.1/thumb/v7e-m+fp/hard/libgcc.a(_dvmd_tls.o)
                              /opt/st/stm32cubeide_1.11.2/plugins/com.st.stm32cube.ide.mcu.externaltools.gnu-tools-for-stm32.10.3-2021.10.linux64_1.0.100.202210260954/tools/bin/../lib/gcc/arm-none-eabi/10.3.1/thumb/v7e-m+fp/hard/libgcc.a(_aeabi_uldivmod.o) (__aeabi_ldiv0)

Discarded input sections

 .text          0x0000000000000000        0x0 /opt/st/stm32cubeide_1.11.2/plugins/com.st.stm32cube.ide.mcu.externaltools.gnu-tools-for-stm32.10.3-2021.10.linux64_1.0.100.202210260954/tools/bin/../lib/gcc/arm-none-eabi/10.3.1/thumb/v7e-m+fp/hard/crti.o
 .data          0x0000000000000000        0x0 /opt/st/stm32cubeide_1.11.2/plugins/com.st.stm32cube.ide.mcu.externaltools.gnu-tools-for-stm32.10.3-2021.10.linux64_1.0.100.202210260954/tools/bin/../lib/gcc/arm-none-eabi/10.3.1/thumb/v7e-m+fp/hard/crti.o
 .bss           0x0000000000000000        0x0 /opt/st/stm32cubeide_1.11.2/plugins/com.st.stm32cube.ide.mcu.externaltools.gnu-tools-for-stm32.10.3-2021.10.linux64_1.0.100.202210260954/tools/bin/../lib/gcc/arm-none-eabi/10.3.1/thumb/v7e-m+fp/hard/crti.o
[...]
Memory Configuration

Name             Origin             Length             Attributes
CCMRAM           0x0000000010000000 0x0000000000010000 xrw
RAM              0x0000000020000000 0x0000000000020000 xrw
FLASH            0x0000000008000000 0x0000000000100000 xr
*default*        0x0000000000000000 0xffffffffffffffff

Linker script and memory map

LOAD /opt/st/stm32cubeide_1.11.2/plugins/com.st.stm32cube.ide.mcu.externaltools.gnu-tools-for-stm32.10.3-2021.10.linux64_1.0.100.202210260954/tools/bin/../lib/gcc/arm-none-eabi/10.3.1/thumb/v7e-m+fp/hard/crti.o
LOAD /opt/st/stm32cubeide_1.11.2/plugins/com.st.stm32cube.ide.mcu.externaltools.gnu-tools-for-stm32.10.3-2021.10.linux64_1.0.100.202210260954/tools/bin/../lib/gcc/arm-none-eabi/10.3.1/thumb/v7e-m+fp/hard/crtbegin.o
LOAD /opt/st/stm32cubeide_1.11.2/plugins/com.st.stm32cube.ide.mcu.externaltools.gnu-tools-for-stm32.10.3-2021.10.linux64_1.0.100.202210260954/tools/bin/../lib/gcc/arm-none-eabi/10.3.1/../../../../arm-none-eabi/lib/thumb/v7e-m+fp/hard/crt0.o
LOAD ./Core/Src/gpio.o
LOAD ./Core/Src/main.o
LOAD ./Core/Src/slider.o
LOAD ./Core/Src/stm32f4xx_hal_msp.o
LOAD ./Core/Src/stm32f4xx_it.o
LOAD ./Core/Src/syscalls.o
LOAD ./Core/Src/sysmem.o
LOAD ./Core/Src/system_stm32f4xx.o
LOAD ./Core/Src/tim.o
LOAD ./Core/Src/usart.o
LOAD ./Core/Startup/startup_stm32f407vgtx.o
LOAD ./Drivers/STM32F4xx_HAL_Driver/Src/stm32f4xx_hal.o
LOAD ./Drivers/STM32F4xx_HAL_Driver/Src/stm32f4xx_hal_cortex.o
LOAD ./Drivers/STM32F4xx_HAL_Driver/Src/stm32f4xx_hal_dma.o
LOAD ./Drivers/STM32F4xx_HAL_Driver/Src/stm32f4xx_hal_dma_ex.o
LOAD ./Drivers/STM32F4xx_HAL_Driver/Src/stm32f4xx_hal_exti.o
LOAD ./Drivers/STM32F4xx_HAL_Driver/Src/stm32f4xx_hal_flash.o
LOAD ./Drivers/STM32F4xx_HAL_Driver/Src/stm32f4xx_hal_flash_ex.o
LOAD ./Drivers/STM32F4xx_HAL_Driver/Src/stm32f4xx_hal_flash_ramfunc.o
LOAD ./Drivers/STM32F4xx_HAL_Driver/Src/stm32f4xx_hal_gpio.o
LOAD ./Drivers/STM32F4xx_HAL_Driver/Src/stm32f4xx_hal_pcd.o
LOAD ./Drivers/STM32F4xx_HAL_Driver/Src/stm32f4xx_hal_pcd_ex.o
LOAD ./Drivers/STM32F4xx_HAL_Driver/Src/stm32f4xx_hal_pwr.o
LOAD ./Drivers/STM32F4xx_HAL_Driver/Src/stm32f4xx_hal_pwr_ex.o
LOAD ./Drivers/STM32F4xx_HAL_Driver/Src/stm32f4xx_hal_rcc.o
LOAD ./Drivers/STM32F4xx_HAL_Driver/Src/stm32f4xx_hal_rcc_ex.o
LOAD ./Drivers/STM32F4xx_HAL_Driver/Src/stm32f4xx_hal_tim.o
LOAD ./Drivers/STM32F4xx_HAL_Driver/Src/stm32f4xx_hal_tim_ex.o
LOAD ./Drivers/STM32F4xx_HAL_Driver/Src/stm32f4xx_hal_uart.o
LOAD ./Drivers/STM32F4xx_HAL_Driver/Src/stm32f4xx_ll_usb.o
LOAD ./Middlewares/ST/STM32_USB_Device_Library/Class/CDC/Src/usbd_cdc.o
LOAD ./Middlewares/ST/STM32_USB_Device_Library/Core/Src/usbd_core.o
LOAD ./Middlewares/ST/STM32_USB_Device_Library/Core/Src/usbd_ctlreq.o
LOAD ./Middlewares/ST/STM32_USB_Device_Library/Core/Src/usbd_ioreq.o
LOAD ./USB_DEVICE/App/usb_device.o
LOAD ./USB_DEVICE/App/usbd_cdc_if.o
LOAD ./USB_DEVICE/App/usbd_desc.o
LOAD ./USB_DEVICE/Target/usbd_conf.o
START GROUP
LOAD /opt/st/stm32cubeide_1.11.2/plugins/com.st.stm32cube.ide.mcu.externaltools.gnu-tools-for-stm32.10.3-2021.10.linux64_1.0.100.202210260954/tools/bin/../lib/gcc/arm-none-eabi/10.3.1/../../../../arm-none-eabi/lib/thumb/v7e-m+fp/hard/libc_nano.a
LOAD /opt/st/stm32cubeide_1.11.2/plugins/com.st.stm32cube.ide.mcu.externaltools.gnu-tools-for-stm32.10.3-2021.10.linux64_1.0.100.202210260954/tools/bin/../lib/gcc/arm-none-eabi/10.3.1/../../../../arm-none-eabi/lib/thumb/v7e-m+fp/hard/libm.a
END GROUP
START GROUP
LOAD /opt/st/stm32cubeide_1.11.2/plugins/com.st.stm32cube.ide.mcu.externaltools.gnu-tools-for-stm32.10.3-2021.10.linux64_1.0.100.202210260954/tools/bin/../lib/gcc/arm-none-eabi/10.3.1/thumb/v7e-m+fp/hard/libgcc.a
LOAD /opt/st/stm32cubeide_1.11.2/plugins/com.st.stm32cube.ide.mcu.externaltools.gnu-tools-for-stm32.10.3-2021.10.linux64_1.0.100.202210260954/tools/bin/../lib/gcc/arm-none-eabi/10.3.1/../../../../arm-none-eabi/lib/thumb/v7e-m+fp/hard/libc_nano.a
END GROUP
START GROUP
LOAD /opt/st/stm32cubeide_1.11.2/plugins/com.st.stm32cube.ide.mcu.externaltools.gnu-tools-for-stm32.10.3-2021.10.linux64_1.0.100.202210260954/tools/bin/../lib/gcc/arm-none-eabi/10.3.1/thumb/v7e-m+fp/hard/libgcc.a
LOAD /opt/st/stm32cubeide_1.11.2/plugins/com.st.stm32cube.ide.mcu.externaltools.gnu-tools-for-stm32.10.3-2021.10.linux64_1.0.100.202210260954/tools/bin/../lib/gcc/arm-none-eabi/10.3.1/../../../../arm-none-eabi/lib/thumb/v7e-m+fp/hard/libc_nano.a
LOAD /opt/st/stm32cubeide_1.11.2/plugins/com.st.stm32cube.ide.mcu.externaltools.gnu-tools-for-stm32.10.3-2021.10.linux64_1.0.100.202210260954/tools/bin/../lib/gcc/arm-none-eabi/10.3.1/../../../../arm-none-eabi/lib/thumb/v7e-m+fp/hard/libnosys.a
END GROUP
START GROUP
LOAD /opt/st/stm32cubeide_1.11.2/plugins/com.st.stm32cube.ide.mcu.externaltools.gnu-tools-for-stm32.10.3-2021.10.linux64_1.0.100.202210260954/tools/bin/../lib/gcc/arm-none-eabi/10.3.1/thumb/v7e-m+fp/hard/libgcc.a
LOAD /opt/st/stm32cubeide_1.11.2/plugins/com.st.stm32cube.ide.mcu.externaltools.gnu-tools-for-stm32.10.3-2021.10.linux64_1.0.100.202210260954/tools/bin/../lib/gcc/arm-none-eabi/10.3.1/../../../../arm-none-eabi/lib/thumb/v7e-m+fp/hard/libc_nano.a
LOAD /opt/st/stm32cubeide_1.11.2/plugins/com.st.stm32cube.ide.mcu.externaltools.gnu-tools-for-stm32.10.3-2021.10.linux64_1.0.100.202210260954/tools/bin/../lib/gcc/arm-none-eabi/10.3.1/../../../../arm-none-eabi/lib/thumb/v7e-m+fp/hard/libnosys.a
END GROUP
LOAD /opt/st/stm32cubeide_1.11.2/plugins/com.st.stm32cube.ide.mcu.externaltools.gnu-tools-for-stm32.10.3-2021.10.linux64_1.0.100.202210260954/tools/bin/../lib/gcc/arm-none-eabi/10.3.1/thumb/v7e-m+fp/hard/crtend.o
LOAD /opt/st/stm32cubeide_1.11.2/plugins/com.st.stm32cube.ide.mcu.externaltools.gnu-tools-for-stm32.10.3-2021.10.linux64_1.0.100.202210260954/tools/bin/../lib/gcc/arm-none-eabi/10.3.1/thumb/v7e-m+fp/hard/crtn.o
                0x0000000020020000                _estack = (ORIGIN (RAM) + LENGTH (RAM))
                0x0000000000000200                _Min_Heap_Size = 0x200
                0x0000000000000400                _Min_Stack_Size = 0x400

.isr_vector     0x0000000008000000      0x188
                0x0000000008000000                . = ALIGN (0x4)
 *(.isr_vector)
 .isr_vector    0x0000000008000000      0x188 ./Core/Startup/startup_stm32f407vgtx.o
                0x0000000008000000                g_pfnVectors
                0x0000000008000188                . = ALIGN (0x4)

.text           0x0000000008000188     0xa5d0
                0x0000000008000188                . = ALIGN (0x4)
 *(.text)
 .text          0x0000000008000188       0x40 /opt/st/stm32cubeide_1.11.2/plugins/com.st.stm32cube.ide.mcu.externaltools.gnu-tools-for-stm32.10.3-2021.10.linux64_1.0.100.202210260954/tools/bin/../lib/gcc/arm-none-eabi/10.3.1/thumb/v7e-m+fp/hard/crtbegin.o
 .text          0x00000000080001c8       0x30 /opt/st/stm32cubeide_1.11.2/plugins/com.st.stm32cube.ide.mcu.externaltools.gnu-tools-for-stm32.10.3-2021.10.linux64_1.0.100.202210260954/tools/bin/../lib/gcc/arm-none-eabi/10.3.1/thumb/v7e-m+fp/hard/libgcc.a(_aeabi_uldivmod.o)
                0x00000000080001c8                __aeabi_uldivmod
 .text          0x00000000080001f8      0x2d0 /opt/st/stm32cubeide_1.11.2/plugins/com.st.stm32cube.ide.mcu.externaltools.gnu-tools-for-stm32.10.3-2021.10.linux64_1.0.100.202210260954/tools/bin/../lib/gcc/arm-none-eabi/10.3.1/thumb/v7e-m+fp/hard/libgcc.a(_udivmoddi4.o)
                0x00000000080001f8                __udivmoddi4
 .text          0x00000000080004c8        0x4 /opt/st/stm32cubeide_1.11.2/plugins/com.st.stm32cube.ide.mcu.externaltools.gnu-tools-for-stm32.10.3-2021.10.linux64_1.0.100.202210260954/tools/bin/../lib/gcc/arm-none-eabi/10.3.1/thumb/v7e-m+fp/hard/libgcc.a(_dvmd_tls.o)
                0x00000000080004c8                __aeabi_ldiv0
                0x00000000080004c8                __aeabi_idiv0
 *(.text*)
 .text.MX_GPIO_Init
                0x00000000080004cc      0x1dc ./Core/Src/gpio.o
                0x00000000080004cc                MX_GPIO_Init
 .text.Master_Kirim
                0x00000000080006a8       0x70 ./Core/Src/main.o
                0x00000000080006a8                Master_Kirim
 .text.main     0x0000000008000718      0x2ac ./Core/Src/main.o
                0x0000000008000718                main
 .text.SystemClock_Config
                0x00000000080009c4       0xd4 ./Core/Src/main.o
                0x00000000080009c4                SystemClock_Config
 .text.HAL_UART_RxCpltCallback
                0x0000000008000a98      0x268 ./Core/Src/main.o
                0x0000000008000a98                HAL_UART_RxCpltCallback
 .text.HAL_TIM_PeriodElapsedCallback
                0x0000000008000d00      0x2e4 ./Core/Src/main.o
                0x0000000008000d00                HAL_TIM_PeriodElapsedCallback
 .text.Error_Handler
                0x0000000008000fe4        0xa ./Core/Src/main.o
                0x0000000008000fe4                Error_Handler
 *fill*         0x0000000008000fee        0x2 
 .text.Arm      0x0000000008000ff0      0x1c0 ./Core/Src/slider.o
                0x0000000008000ff0                Arm
 .text.pwm_Arm  0x00000000080011b0       0x64 ./Core/Src/slider.o
                0x00000000080011b0                pwm_Arm
 .text.Lifter   0x0000000008001214      0x1d4 ./Core/Src/slider.o
                0x0000000008001214                Lifter
 .text.pwm_Lifter
                0x00000000080013e8       0x64 ./Core/Src/slider.o
                0x00000000080013e8                pwm_Lifter
 .text.HAL_MspInit
                0x000000000800144c       0x50 ./Core/Src/stm32f4xx_hal_msp.o
                0x000000000800144c                HAL_MspInit
 .text.NMI_Handler
                0x000000000800149c        0x6 ./Core/Src/stm32f4xx_it.o
                0x000000000800149c                NMI_Handler
 .text.HardFault_Handler
                0x00000000080014a2        0x6 ./Core/Src/stm32f4xx_it.o
                0x00000000080014a2                HardFault_Handler
 .text.MemManage_Handler
                0x00000000080014a8        0x6 ./Core/Src/stm32f4xx_it.o
                0x00000000080014a8                MemManage_Handler
 .text.BusFault_Handler
                0x00000000080014ae        0x6 ./Core/Src/stm32f4xx_it.o
                0x00000000080014ae                BusFault_Handler
 .text.UsageFault_Handler
                0x00000000080014b4        0x6 ./Core/Src/stm32f4xx_it.o
                0x00000000080014b4                UsageFault_Handler
 .text.SVC_Handler
                0x00000000080014ba        0xe ./Core/Src/stm32f4xx_it.o
                0x00000000080014ba                SVC_Handler
 .text.DebugMon_Handler
                0x00000000080014c8        0xe ./Core/Src/stm32f4xx_it.o
                0x00000000080014c8                DebugMon_Handler
 .text.PendSV_Handler
                0x00000000080014d6        0xe ./Core/Src/stm32f4xx_it.o
                0x00000000080014d6                PendSV_Handler
 .text.SysTick_Handler
                0x00000000080014e4        0xc ./Core/Src/stm32f4xx_it.o
                0x00000000080014e4                SysTick_Handler
 .text.USART1_IRQHandler
                0x00000000080014f0       0x14 ./Core/Src/stm32f4xx_it.o
                0x00000000080014f0                USART1_IRQHandler
 .text.USART2_IRQHandler
                0x0000000008001504       0x14 ./Core/Src/stm32f4xx_it.o
                0x0000000008001504                USART2_IRQHandler
 .text.TIM6_DAC_IRQHandler
                0x0000000008001518       0x14 ./Core/Src/stm32f4xx_it.o
                0x0000000008001518                TIM6_DAC_IRQHandler
 .text.TIM7_IRQHandler
                0x000000000800152c       0x14 ./Core/Src/stm32f4xx_it.o
                0x000000000800152c                TIM7_IRQHandler
 .text.OTG_FS_IRQHandler
                0x0000000008001540       0x14 ./Core/Src/stm32f4xx_it.o
                0x0000000008001540                OTG_FS_IRQHandler
 .text.SystemInit
                0x0000000008001554       0x24 ./Core/Src/system_stm32f4xx.o
                0x0000000008001554                SystemInit
 .text.MX_TIM5_Init
                0x0000000008001578       0xa8 ./Core/Src/tim.o
                0x0000000008001578                MX_TIM5_Init
 .text.MX_TIM6_Init
                0x0000000008001620       0x6c ./Core/Src/tim.o
                0x0000000008001620                MX_TIM6_Init
 .text.MX_TIM7_Init
                0x000000000800168c       0x6c ./Core/Src/tim.o
                0x000000000800168c                MX_TIM7_Init
 .text.MX_TIM8_Init
                0x00000000080016f8       0xb0 ./Core/Src/tim.o
                0x00000000080016f8                MX_TIM8_Init
 .text.MX_TIM9_Init
                0x00000000080017a8       0x88 ./Core/Src/tim.o
                0x00000000080017a8                MX_TIM9_Init
 .text.MX_TIM12_Init
                0x0000000008001830       0x88 ./Core/Src/tim.o
                0x0000000008001830                MX_TIM12_Init
 .text.HAL_TIM_Encoder_MspInit
                0x00000000080018b8       0xfc ./Core/Src/tim.o
                0x00000000080018b8                HAL_TIM_Encoder_MspInit
 .text.HAL_TIM_Base_MspInit
                0x00000000080019b4       0x8c ./Core/Src/tim.o
                0x00000000080019b4                HAL_TIM_Base_MspInit
 .text.HAL_TIM_PWM_MspInit
                0x0000000008001a40       0x70 ./Core/Src/tim.o
                0x0000000008001a40                HAL_TIM_PWM_MspInit
 .text.HAL_TIM_MspPostInit
                0x0000000008001ab0       0xc4 ./Core/Src/tim.o
                0x0000000008001ab0                HAL_TIM_MspPostInit
 .text.MX_USART1_UART_Init
                0x0000000008001b74       0x54 ./Core/Src/usart.o
                0x0000000008001b74                MX_USART1_UART_Init
 .text.MX_USART2_UART_Init
                0x0000000008001bc8       0x54 ./Core/Src/usart.o
                0x0000000008001bc8                MX_USART2_UART_Init
 .text.HAL_UART_MspInit
                0x0000000008001c1c      0x118 ./Core/Src/usart.o
                0x0000000008001c1c                HAL_UART_MspInit
 .text.Reset_Handler
                0x0000000008001d34       0x50 ./Core/Startup/startup_stm32f407vgtx.o
                0x0000000008001d34                Reset_Handler
 .text.Default_Handler
                0x0000000008001d84        0x2 ./Core/Startup/startup_stm32f407vgtx.o
                0x0000000008001d84                RTC_Alarm_IRQHandler
                0x0000000008001d84                HASH_RNG_IRQHandler
                0x0000000008001d84                EXTI2_IRQHandler
                0x0000000008001d84                TIM8_CC_IRQHandler
                0x0000000008001d84                TIM1_CC_IRQHandler
                0x0000000008001d84                DMA2_Stream5_IRQHandler
                0x0000000008001d84                DMA1_Stream5_IRQHandler
                0x0000000008001d84                PVD_IRQHandler
                0x0000000008001d84                SDIO_IRQHandler
                0x0000000008001d84                TAMP_STAMP_IRQHandler
                0x0000000008001d84                CAN2_RX1_IRQHandler
                0x0000000008001d84                EXTI3_IRQHandler
                0x0000000008001d84                TIM8_TRG_COM_TIM14_IRQHandler
                0x0000000008001d84                TIM1_UP_TIM10_IRQHandler
                0x0000000008001d84                TIM8_UP_TIM13_IRQHandler
                0x0000000008001d84                I2C3_ER_IRQHandler
                0x0000000008001d84                EXTI0_IRQHandler
                0x0000000008001d84                I2C2_EV_IRQHandler
                0x0000000008001d84                DMA1_Stream2_IRQHandler
                0x0000000008001d84                CAN1_RX0_IRQHandler
                0x0000000008001d84                FPU_IRQHandler
                0x0000000008001d84                OTG_HS_WKUP_IRQHandler
                0x0000000008001d84                CAN2_SCE_IRQHandler
                0x0000000008001d84                DMA2_Stream2_IRQHandler
                0x0000000008001d84                SPI1_IRQHandler
                0x0000000008001d84                TIM1_BRK_TIM9_IRQHandler
                0x0000000008001d84                DCMI_IRQHandler
                0x0000000008001d84                CAN2_RX0_IRQHandler
                0x0000000008001d84                DMA2_Stream3_IRQHandler
                0x0000000008001d84                USART6_IRQHandler
                0x0000000008001d84                USART3_IRQHandler
                0x0000000008001d84                CAN1_RX1_IRQHandler
                0x0000000008001d84                UART5_IRQHandler
                0x0000000008001d84                DMA2_Stream0_IRQHandler
                0x0000000008001d84                TIM4_IRQHandler
                0x0000000008001d84                I2C1_EV_IRQHandler
                0x0000000008001d84                DMA1_Stream6_IRQHandler
                0x0000000008001d84                DMA1_Stream1_IRQHandler
                0x0000000008001d84                UART4_IRQHandler
                0x0000000008001d84                TIM3_IRQHandler
                0x0000000008001d84                RCC_IRQHandler
                0x0000000008001d84                TIM8_BRK_TIM12_IRQHandler
                0x0000000008001d84                Default_Handler
                0x0000000008001d84                EXTI15_10_IRQHandler
                0x0000000008001d84                ADC_IRQHandler
                0x0000000008001d84                DMA1_Stream7_IRQHandler
                0x0000000008001d84                CAN2_TX_IRQHandler
                0x0000000008001d84                TIM5_IRQHandler
                0x0000000008001d84                DMA2_Stream7_IRQHandler
                0x0000000008001d84                I2C3_EV_IRQHandler
                0x0000000008001d84                EXTI9_5_IRQHandler
                0x0000000008001d84                RTC_WKUP_IRQHandler
                0x0000000008001d84                ETH_WKUP_IRQHandler
                0x0000000008001d84                SPI2_IRQHandler
                0x0000000008001d84                OTG_HS_EP1_IN_IRQHandler
                0x0000000008001d84                DMA1_Stream0_IRQHandler
                0x0000000008001d84                CAN1_TX_IRQHandler
                0x0000000008001d84                EXTI4_IRQHandler
                0x0000000008001d84                FSMC_IRQHandler
                0x0000000008001d84                ETH_IRQHandler
                0x0000000008001d84                OTG_HS_EP1_OUT_IRQHandler
                0x0000000008001d84                WWDG_IRQHandler
                0x0000000008001d84                TIM2_IRQHandler
                0x0000000008001d84                OTG_FS_WKUP_IRQHandler
                0x0000000008001d84                TIM1_TRG_COM_TIM11_IRQHandler
                0x0000000008001d84                OTG_HS_IRQHandler
                0x0000000008001d84                EXTI1_IRQHandler
                0x0000000008001d84                I2C2_ER_IRQHandler
                0x0000000008001d84                DMA2_Stream1_IRQHandler
                0x0000000008001d84                CAN1_SCE_IRQHandler
                0x0000000008001d84                FLASH_IRQHandler
                0x0000000008001d84                DMA2_Stream4_IRQHandler
                0x0000000008001d84                SPI3_IRQHandler
                0x0000000008001d84                DMA1_Stream4_IRQHandler
                0x0000000008001d84                I2C1_ER_IRQHandler
                0x0000000008001d84                DMA2_Stream6_IRQHandler
                0x0000000008001d84                DMA1_Stream3_IRQHandler
 *fill*         0x0000000008001d86        0x2 
 .text.HAL_Init
                0x0000000008001d88       0x44 ./Drivers/STM32F4xx_HAL_Driver/Src/stm32f4xx_hal.o
                0x0000000008001d88                HAL_Init
 .text.HAL_InitTick
                0x0000000008001dcc       0x60 ./Drivers/STM32F4xx_HAL_Driver/Src/stm32f4xx_hal.o
                0x0000000008001dcc                HAL_InitTick
 .text.HAL_IncTick
                0x0000000008001e2c       0x28 ./Drivers/STM32F4xx_HAL_Driver/Src/stm32f4xx_hal.o
                0x0000000008001e2c                HAL_IncTick
 .text.HAL_GetTick
                0x0000000008001e54       0x18 ./Drivers/STM32F4xx_HAL_Driver/Src/stm32f4xx_hal.o
                0x0000000008001e54                HAL_GetTick
 .text.HAL_Delay
                0x0000000008001e6c       0x48 ./Drivers/STM32F4xx_HAL_Driver/Src/stm32f4xx_hal.o
                0x0000000008001e6c                HAL_Delay
 .text.__NVIC_SetPriorityGrouping
                0x0000000008001eb4       0x48 ./Drivers/STM32F4xx_HAL_Driver/Src/stm32f4xx_hal_cortex.o
 .text.__NVIC_GetPriorityGrouping
                0x0000000008001efc       0x1c ./Drivers/STM32F4xx_HAL_Driver/Src/stm32f4xx_hal_cortex.o
 .text.__NVIC_EnableIRQ
                0x0000000008001f18       0x3c ./Drivers/STM32F4xx_HAL_Driver/Src/stm32f4xx_hal_cortex.o
 .text.__NVIC_SetPriority
                0x0000000008001f54       0x54 ./Drivers/STM32F4xx_HAL_Driver/Src/stm32f4xx_hal_cortex.o
 .text.NVIC_EncodePriority
                0x0000000008001fa8       0x66 ./Drivers/STM32F4xx_HAL_Driver/Src/stm32f4xx_hal_cortex.o
 *fill*         0x000000000800200e        0x2 
 .text.SysTick_Config
                0x0000000008002010       0x44 ./Drivers/STM32F4xx_HAL_Driver/Src/stm32f4xx_hal_cortex.o
 .text.HAL_NVIC_SetPriorityGrouping
                0x0000000008002054       0x16 ./Drivers/STM32F4xx_HAL_Driver/Src/stm32f4xx_hal_cortex.o
                0x0000000008002054                HAL_NVIC_SetPriorityGrouping
 .text.HAL_NVIC_SetPriority
                0x000000000800206a       0x38 ./Drivers/STM32F4xx_HAL_Driver/Src/stm32f4xx_hal_cortex.o
                0x000000000800206a                HAL_NVIC_SetPriority
 .text.HAL_NVIC_EnableIRQ
                0x00000000080020a2       0x1c ./Drivers/STM32F4xx_HAL_Driver/Src/stm32f4xx_hal_cortex.o
                0x00000000080020a2                HAL_NVIC_EnableIRQ
 .text.HAL_SYSTICK_Config
                0x00000000080020be       0x18 ./Drivers/STM32F4xx_HAL_Driver/Src/stm32f4xx_hal_cortex.o
                0x00000000080020be                HAL_SYSTICK_Config
 .text.HAL_DMA_Abort
                0x00000000080020d6       0xe0 ./Drivers/STM32F4xx_HAL_Driver/Src/stm32f4xx_hal_dma.o
                0x00000000080020d6                HAL_DMA_Abort
 .text.HAL_DMA_Abort_IT
                0x00000000080021b6       0x44 ./Drivers/STM32F4xx_HAL_Driver/Src/stm32f4xx_hal_dma.o
                0x00000000080021b6                HAL_DMA_Abort_IT
 *fill*         0x00000000080021fa        0x2 
 .text.HAL_GPIO_Init
                0x00000000080021fc      0x338 ./Drivers/STM32F4xx_HAL_Driver/Src/stm32f4xx_hal_gpio.o
                0x00000000080021fc                HAL_GPIO_Init
 .text.HAL_GPIO_ReadPin
                0x0000000008002534       0x30 ./Drivers/STM32F4xx_HAL_Driver/Src/stm32f4xx_hal_gpio.o
                0x0000000008002534                HAL_GPIO_ReadPin
 .text.HAL_GPIO_WritePin
                0x0000000008002564       0x32 ./Drivers/STM32F4xx_HAL_Driver/Src/stm32f4xx_hal_gpio.o
                0x0000000008002564                HAL_GPIO_WritePin
 .text.HAL_PCD_Init
                0x0000000008002596      0x23a ./Drivers/STM32F4xx_HAL_Driver/Src/stm32f4xx_hal_pcd.o
                0x0000000008002596                HAL_PCD_Init
 .text.HAL_PCD_Start
                0x00000000080027d0       0x66 ./Drivers/STM32F4xx_HAL_Driver/Src/stm32f4xx_hal_pcd.o
                0x00000000080027d0                HAL_PCD_Start
 .text.HAL_PCD_IRQHandler
                0x0000000008002836      0x93e ./Drivers/STM32F4xx_HAL_Driver/Src/stm32f4xx_hal_pcd.o
                0x0000000008002836                HAL_PCD_IRQHandler
 .text.HAL_PCD_SetAddress
                0x0000000008003174       0x4a ./Drivers/STM32F4xx_HAL_Driver/Src/stm32f4xx_hal_pcd.o
                0x0000000008003174                HAL_PCD_SetAddress
 .text.HAL_PCD_EP_Open
                0x00000000080031be       0xd0 ./Drivers/STM32F4xx_HAL_Driver/Src/stm32f4xx_hal_pcd.o
                0x00000000080031be                HAL_PCD_EP_Open
 .text.HAL_PCD_EP_Close
                0x000000000800328e       0x94 ./Drivers/STM32F4xx_HAL_Driver/Src/stm32f4xx_hal_pcd.o
                0x000000000800328e                HAL_PCD_EP_Close
 .text.HAL_PCD_EP_Receive
                0x0000000008003322       0x96 ./Drivers/STM32F4xx_HAL_Driver/Src/stm32f4xx_hal_pcd.o
                0x0000000008003322                HAL_PCD_EP_Receive
 .text.HAL_PCD_EP_GetRxCount
                0x00000000080033b8       0x30 ./Drivers/STM32F4xx_HAL_Driver/Src/stm32f4xx_hal_pcd.o
                0x00000000080033b8                HAL_PCD_EP_GetRxCount
 .text.HAL_PCD_EP_Transmit
                0x00000000080033e8       0x94 ./Drivers/STM32F4xx_HAL_Driver/Src/stm32f4xx_hal_pcd.o
                0x00000000080033e8                HAL_PCD_EP_Transmit
 .text.HAL_PCD_EP_SetStall
                0x000000000800347c       0xc8 ./Drivers/STM32F4xx_HAL_Driver/Src/stm32f4xx_hal_pcd.o
                0x000000000800347c                HAL_PCD_EP_SetStall
 .text.HAL_PCD_EP_ClrStall
                0x0000000008003544       0xac ./Drivers/STM32F4xx_HAL_Driver/Src/stm32f4xx_hal_pcd.o
                0x0000000008003544                HAL_PCD_EP_ClrStall
 .text.HAL_PCD_EP_Abort
                0x00000000080035f0       0x62 ./Drivers/STM32F4xx_HAL_Driver/Src/stm32f4xx_hal_pcd.o
                0x00000000080035f0                HAL_PCD_EP_Abort
 .text.PCD_WriteEmptyTxFifo
                0x0000000008003652      0x11a ./Drivers/STM32F4xx_HAL_Driver/Src/stm32f4xx_hal_pcd.o
 .text.PCD_EP_OutXfrComplete_int
                0x000000000800376c      0x1d0 ./Drivers/STM32F4xx_HAL_Driver/Src/stm32f4xx_hal_pcd.o
 .text.PCD_EP_OutSetupPacket_int
                0x000000000800393c       0x8c ./Drivers/STM32F4xx_HAL_Driver/Src/stm32f4xx_hal_pcd.o
 .text.HAL_PCDEx_SetTxFiFo
                0x00000000080039c8       0x8e ./Drivers/STM32F4xx_HAL_Driver/Src/stm32f4xx_hal_pcd_ex.o
                0x00000000080039c8                HAL_PCDEx_SetTxFiFo
 .text.HAL_PCDEx_SetRxFiFo
                0x0000000008003a56       0x22 ./Drivers/STM32F4xx_HAL_Driver/Src/stm32f4xx_hal_pcd_ex.o
                0x0000000008003a56                HAL_PCDEx_SetRxFiFo
 .text.HAL_PCDEx_LPM_Callback
                0x0000000008003a78       0x18 ./Drivers/STM32F4xx_HAL_Driver/Src/stm32f4xx_hal_pcd_ex.o
                0x0000000008003a78                HAL_PCDEx_LPM_Callback
 .text.HAL_RCC_OscConfig
                0x0000000008003a90      0x4f0 ./Drivers/STM32F4xx_HAL_Driver/Src/stm32f4xx_hal_rcc.o
                0x0000000008003a90                HAL_RCC_OscConfig
 .text.HAL_RCC_ClockConfig
                0x0000000008003f80      0x1cc ./Drivers/STM32F4xx_HAL_Driver/Src/stm32f4xx_hal_rcc.o
                0x0000000008003f80                HAL_RCC_ClockConfig
 .text.HAL_RCC_GetSysClockFreq
                0x000000000800414c      0x20c ./Drivers/STM32F4xx_HAL_Driver/Src/stm32f4xx_hal_rcc.o
                0x000000000800414c                HAL_RCC_GetSysClockFreq
 .text.HAL_RCC_GetHCLKFreq
                0x0000000008004358       0x18 ./Drivers/STM32F4xx_HAL_Driver/Src/stm32f4xx_hal_rcc.o
                0x0000000008004358                HAL_RCC_GetHCLKFreq
 .text.HAL_RCC_GetPCLK1Freq
                0x0000000008004370       0x28 ./Drivers/STM32F4xx_HAL_Driver/Src/stm32f4xx_hal_rcc.o
                0x0000000008004370                HAL_RCC_GetPCLK1Freq
 .text.HAL_RCC_GetPCLK2Freq
                0x0000000008004398       0x28 ./Drivers/STM32F4xx_HAL_Driver/Src/stm32f4xx_hal_rcc.o
                0x0000000008004398                HAL_RCC_GetPCLK2Freq
 .text.HAL_TIM_Base_Init
                0x00000000080043c0       0x9e ./Drivers/STM32F4xx_HAL_Driver/Src/stm32f4xx_hal_tim.o
                0x00000000080043c0                HAL_TIM_Base_Init
 *fill*         0x000000000800445e        0x2 
 .text.HAL_TIM_Base_Start_IT
                0x0000000008004460       0xe0 ./Drivers/STM32F4xx_HAL_Driver/Src/stm32f4xx_hal_tim.o
                0x0000000008004460                HAL_TIM_Base_Start_IT
 .text.HAL_TIM_PWM_Init
                0x0000000008004540       0x9e ./Drivers/STM32F4xx_HAL_Driver/Src/stm32f4xx_hal_tim.o
                0x0000000008004540                HAL_TIM_PWM_Init
 *fill*         0x00000000080045de        0x2 
 .text.HAL_TIM_PWM_Start
                0x00000000080045e0      0x190 ./Drivers/STM32F4xx_HAL_Driver/Src/stm32f4xx_hal_tim.o
                0x00000000080045e0                HAL_TIM_PWM_Start
 .text.HAL_TIM_Encoder_Init
                0x0000000008004770      0x14c ./Drivers/STM32F4xx_HAL_Driver/Src/stm32f4xx_hal_tim.o
                0x0000000008004770                HAL_TIM_Encoder_Init
 .text.HAL_TIM_Encoder_Start
                0x00000000080048bc      0x11c ./Drivers/STM32F4xx_HAL_Driver/Src/stm32f4xx_hal_tim.o
                0x00000000080048bc                HAL_TIM_Encoder_Start
 .text.HAL_TIM_IRQHandler
                0x00000000080049d8      0x210 ./Drivers/STM32F4xx_HAL_Driver/Src/stm32f4xx_hal_tim.o
                0x00000000080049d8                HAL_TIM_IRQHandler
 .text.HAL_TIM_PWM_ConfigChannel
                0x0000000008004be8      0x184 ./Drivers/STM32F4xx_HAL_Driver/Src/stm32f4xx_hal_tim.o
                0x0000000008004be8                HAL_TIM_PWM_ConfigChannel
 .text.HAL_TIM_OC_DelayElapsedCallback
                0x0000000008004d6c       0x14 ./Drivers/STM32F4xx_HAL_Driver/Src/stm32f4xx_hal_tim.o
                0x0000000008004d6c                HAL_TIM_OC_DelayElapsedCallback
 .text.HAL_TIM_IC_CaptureCallback
                0x0000000008004d80       0x14 ./Drivers/STM32F4xx_HAL_Driver/Src/stm32f4xx_hal_tim.o
                0x0000000008004d80                HAL_TIM_IC_CaptureCallback
 .text.HAL_TIM_PWM_PulseFinishedCallback
                0x0000000008004d94       0x14 ./Drivers/STM32F4xx_HAL_Driver/Src/stm32f4xx_hal_tim.o
                0x0000000008004d94                HAL_TIM_PWM_PulseFinishedCallback
 .text.HAL_TIM_TriggerCallback
                0x0000000008004da8       0x14 ./Drivers/STM32F4xx_HAL_Driver/Src/stm32f4xx_hal_tim.o
                0x0000000008004da8                HAL_TIM_TriggerCallback
 .text.TIM_Base_SetConfig
                0x0000000008004dbc      0x140 ./Drivers/STM32F4xx_HAL_Driver/Src/stm32f4xx_hal_tim.o
                0x0000000008004dbc                TIM_Base_SetConfig
 .text.TIM_OC1_SetConfig
                0x0000000008004efc       0xe0 ./Drivers/STM32F4xx_HAL_Driver/Src/stm32f4xx_hal_tim.o
 .text.TIM_OC2_SetConfig
                0x0000000008004fdc       0xec ./Drivers/STM32F4xx_HAL_Driver/Src/stm32f4xx_hal_tim.o
                0x0000000008004fdc                TIM_OC2_SetConfig
 .text.TIM_OC3_SetConfig
                0x00000000080050c8       0xe8 ./Drivers/STM32F4xx_HAL_Driver/Src/stm32f4xx_hal_tim.o
 .text.TIM_OC4_SetConfig
                0x00000000080051b0       0xac ./Drivers/STM32F4xx_HAL_Driver/Src/stm32f4xx_hal_tim.o
 .text.TIM_CCxChannelCmd
                0x000000000800525c       0x4a ./Drivers/STM32F4xx_HAL_Driver/Src/stm32f4xx_hal_tim.o
                0x000000000800525c                TIM_CCxChannelCmd
 *fill*         0x00000000080052a6        0x2 
 .text.HAL_TIMEx_MasterConfigSynchronization
                0x00000000080052a8       0xf8 ./Drivers/STM32F4xx_HAL_Driver/Src/stm32f4xx_hal_tim_ex.o
                0x00000000080052a8                HAL_TIMEx_MasterConfigSynchronization
 .text.HAL_TIMEx_CommutCallback
                0x00000000080053a0       0x14 ./Drivers/STM32F4xx_HAL_Driver/Src/stm32f4xx_hal_tim_ex.o
                0x00000000080053a0                HAL_TIMEx_CommutCallback
 .text.HAL_TIMEx_BreakCallback
                0x00000000080053b4       0x14 ./Drivers/STM32F4xx_HAL_Driver/Src/stm32f4xx_hal_tim_ex.o
                0x00000000080053b4                HAL_TIMEx_BreakCallback
 .text.HAL_UART_Init
                0x00000000080053c8       0x9a ./Drivers/STM32F4xx_HAL_Driver/Src/stm32f4xx_hal_uart.o
                0x00000000080053c8                HAL_UART_Init
 .text.HAL_UART_Transmit_IT
                0x0000000008005462       0x8a ./Drivers/STM32F4xx_HAL_Driver/Src/stm32f4xx_hal_uart.o
                0x0000000008005462                HAL_UART_Transmit_IT
 .text.HAL_UART_Receive_IT
                0x00000000080054ec       0x60 ./Drivers/STM32F4xx_HAL_Driver/Src/stm32f4xx_hal_uart.o
                0x00000000080054ec                HAL_UART_Receive_IT
 .text.HAL_UART_IRQHandler
                0x000000000800554c      0x51c ./Drivers/STM32F4xx_HAL_Driver/Src/stm32f4xx_hal_uart.o
                0x000000000800554c                HAL_UART_IRQHandler
 .text.HAL_UART_TxCpltCallback
                0x0000000008005a68       0x14 ./Drivers/STM32F4xx_HAL_Driver/Src/stm32f4xx_hal_uart.o
                0x0000000008005a68                HAL_UART_TxCpltCallback
 .text.HAL_UART_ErrorCallback
                0x0000000008005a7c       0x14 ./Drivers/STM32F4xx_HAL_Driver/Src/stm32f4xx_hal_uart.o
                0x0000000008005a7c                HAL_UART_ErrorCallback
 .text.HAL_UARTEx_RxEventCallback
                0x0000000008005a90       0x18 ./Drivers/STM32F4xx_HAL_Driver/Src/stm32f4xx_hal_uart.o
                0x0000000008005a90                HAL_UARTEx_RxEventCallback
 .text.UART_Start_Receive_IT
                0x0000000008005aa8       0x7c ./Drivers/STM32F4xx_HAL_Driver/Src/stm32f4xx_hal_uart.o
                0x0000000008005aa8                UART_Start_Receive_IT
 .text.UART_EndRxTransfer
                0x0000000008005b24       0xc6 ./Drivers/STM32F4xx_HAL_Driver/Src/stm32f4xx_hal_uart.o
 .text.UART_DMAAbortOnError
                0x0000000008005bea       0x28 ./Drivers/STM32F4xx_HAL_Driver/Src/stm32f4xx_hal_uart.o
 .text.UART_Transmit_IT
                0x0000000008005c12       0xa0 ./Drivers/STM32F4xx_HAL_Driver/Src/stm32f4xx_hal_uart.o
 .text.UART_EndTransmit_IT
                0x0000000008005cb2       0x30 ./Drivers/STM32F4xx_HAL_Driver/Src/stm32f4xx_hal_uart.o
 .text.UART_Receive_IT
                0x0000000008005ce2      0x176 ./Drivers/STM32F4xx_HAL_Driver/Src/stm32f4xx_hal_uart.o
 .text.UART_SetConfig
                0x0000000008005e58      0x4e8 ./Drivers/STM32F4xx_HAL_Driver/Src/stm32f4xx_hal_uart.o
 .text.USB_CoreInit
                0x0000000008006340       0xc2 ./Drivers/STM32F4xx_HAL_Driver/Src/stm32f4xx_ll_usb.o
                0x0000000008006340                USB_CoreInit
 *fill*         0x0000000008006402        0x2 
 .text.USB_SetTurnaroundTime
                0x0000000008006404      0x144 ./Drivers/STM32F4xx_HAL_Driver/Src/stm32f4xx_ll_usb.o
                0x0000000008006404                USB_SetTurnaroundTime
 .text.USB_EnableGlobalInt
                0x0000000008006548       0x22 ./Drivers/STM32F4xx_HAL_Driver/Src/stm32f4xx_ll_usb.o
                0x0000000008006548                USB_EnableGlobalInt
 .text.USB_DisableGlobalInt
                0x000000000800656a       0x22 ./Drivers/STM32F4xx_HAL_Driver/Src/stm32f4xx_ll_usb.o
                0x000000000800656a                USB_DisableGlobalInt
 .text.USB_SetCurrentMode
                0x000000000800658c       0x98 ./Drivers/STM32F4xx_HAL_Driver/Src/stm32f4xx_ll_usb.o
                0x000000000800658c                USB_SetCurrentMode
 .text.USB_DevInit
                0x0000000008006624      0x2c8 ./Drivers/STM32F4xx_HAL_Driver/Src/stm32f4xx_ll_usb.o
                0x0000000008006624                USB_DevInit
 .text.USB_FlushTxFifo
                0x00000000080068ec       0x68 ./Drivers/STM32F4xx_HAL_Driver/Src/stm32f4xx_ll_usb.o
                0x00000000080068ec                USB_FlushTxFifo
 .text.USB_FlushRxFifo
                0x0000000008006954       0x60 ./Drivers/STM32F4xx_HAL_Driver/Src/stm32f4xx_ll_usb.o
                0x0000000008006954                USB_FlushRxFifo
 .text.USB_SetDevSpeed
                0x00000000080069b4       0x32 ./Drivers/STM32F4xx_HAL_Driver/Src/stm32f4xx_ll_usb.o
                0x00000000080069b4                USB_SetDevSpeed
 .text.USB_GetDevSpeed
                0x00000000080069e6       0x4a ./Drivers/STM32F4xx_HAL_Driver/Src/stm32f4xx_ll_usb.o
                0x00000000080069e6                USB_GetDevSpeed
 .text.USB_ActivateEndpoint
                0x0000000008006a30      0x10e ./Drivers/STM32F4xx_HAL_Driver/Src/stm32f4xx_ll_usb.o
                0x0000000008006a30                USB_ActivateEndpoint
 *fill*         0x0000000008006b3e        0x2 
 .text.USB_DeactivateEndpoint
                0x0000000008006b40      0x1b8 ./Drivers/STM32F4xx_HAL_Driver/Src/stm32f4xx_ll_usb.o
                0x0000000008006b40                USB_DeactivateEndpoint
 .text.USB_EPStartXfer
                0x0000000008006cf8      0x490 ./Drivers/STM32F4xx_HAL_Driver/Src/stm32f4xx_ll_usb.o
                0x0000000008006cf8                USB_EPStartXfer
 .text.USB_EP0StartXfer
                0x0000000008007188      0x2b0 ./Drivers/STM32F4xx_HAL_Driver/Src/stm32f4xx_ll_usb.o
                0x0000000008007188                USB_EP0StartXfer
 .text.USB_EPStopXfer
                0x0000000008007438      0x154 ./Drivers/STM32F4xx_HAL_Driver/Src/stm32f4xx_ll_usb.o
                0x0000000008007438                USB_EPStopXfer
 .text.USB_WritePacket
                0x000000000800758c       0x7c ./Drivers/STM32F4xx_HAL_Driver/Src/stm32f4xx_ll_usb.o
                0x000000000800758c                USB_WritePacket
 .text.USB_ReadPacket
                0x0000000008007608       0xb0 ./Drivers/STM32F4xx_HAL_Driver/Src/stm32f4xx_ll_usb.o
                0x0000000008007608                USB_ReadPacket
 .text.USB_EPSetStall
                0x00000000080076b8       0xdc ./Drivers/STM32F4xx_HAL_Driver/Src/stm32f4xx_ll_usb.o
                0x00000000080076b8                USB_EPSetStall
 .text.USB_EPClearStall
                0x0000000008007794       0xcc ./Drivers/STM32F4xx_HAL_Driver/Src/stm32f4xx_ll_usb.o
                0x0000000008007794                USB_EPClearStall
 .text.USB_SetDevAddress
                0x0000000008007860       0x4c ./Drivers/STM32F4xx_HAL_Driver/Src/stm32f4xx_ll_usb.o
                0x0000000008007860                USB_SetDevAddress
 .text.USB_DevConnect
                0x00000000080078ac       0x42 ./Drivers/STM32F4xx_HAL_Driver/Src/stm32f4xx_ll_usb.o
                0x00000000080078ac                USB_DevConnect
 .text.USB_DevDisconnect
                0x00000000080078ee       0x42 ./Drivers/STM32F4xx_HAL_Driver/Src/stm32f4xx_ll_usb.o
                0x00000000080078ee                USB_DevDisconnect
 .text.USB_ReadInterrupts
                0x0000000008007930       0x26 ./Drivers/STM32F4xx_HAL_Driver/Src/stm32f4xx_ll_usb.o
                0x0000000008007930                USB_ReadInterrupts
 .text.USB_ReadDevAllOutEpInterrupt
                0x0000000008007956       0x34 ./Drivers/STM32F4xx_HAL_Driver/Src/stm32f4xx_ll_usb.o
                0x0000000008007956                USB_ReadDevAllOutEpInterrupt
 .text.USB_ReadDevAllInEpInterrupt
                0x000000000800798a       0x34 ./Drivers/STM32F4xx_HAL_Driver/Src/stm32f4xx_ll_usb.o
                0x000000000800798a                USB_ReadDevAllInEpInterrupt
 .text.USB_ReadDevOutEPInterrupt
                0x00000000080079be       0x3c ./Drivers/STM32F4xx_HAL_Driver/Src/stm32f4xx_ll_usb.o
                0x00000000080079be                USB_ReadDevOutEPInterrupt
 .text.USB_ReadDevInEPInterrupt
                0x00000000080079fa       0x5c ./Drivers/STM32F4xx_HAL_Driver/Src/stm32f4xx_ll_usb.o
                0x00000000080079fa                USB_ReadDevInEPInterrupt
 .text.USB_GetMode
                0x0000000008007a56       0x1c ./Drivers/STM32F4xx_HAL_Driver/Src/stm32f4xx_ll_usb.o
                0x0000000008007a56                USB_GetMode
 .text.USB_ActivateSetup
                0x0000000008007a72       0x46 ./Drivers/STM32F4xx_HAL_Driver/Src/stm32f4xx_ll_usb.o
                0x0000000008007a72                USB_ActivateSetup
 .text.USB_EP0_OutStart
                0x0000000008007ab8       0xbc ./Drivers/STM32F4xx_HAL_Driver/Src/stm32f4xx_ll_usb.o
                0x0000000008007ab8                USB_EP0_OutStart
 .text.USB_CoreReset
                0x0000000008007b74       0x68 ./Drivers/STM32F4xx_HAL_Driver/Src/stm32f4xx_ll_usb.o
 .text.USBD_CDC_Init
                0x0000000008007bdc      0x1f0 ./Middlewares/ST/STM32_USB_Device_Library/Class/CDC/Src/usbd_cdc.o
 .text.USBD_CDC_DeInit
                0x0000000008007dcc      0x104 ./Middlewares/ST/STM32_USB_Device_Library/Class/CDC/Src/usbd_cdc.o
 .text.USBD_CDC_Setup
                0x0000000008007ed0      0x1b8 ./Middlewares/ST/STM32_USB_Device_Library/Class/CDC/Src/usbd_cdc.o
 .text.USBD_CDC_DataIn
                0x0000000008008088       0xfe ./Middlewares/ST/STM32_USB_Device_Library/Class/CDC/Src/usbd_cdc.o
 .text.USBD_CDC_DataOut
                0x0000000008008186       0x70 ./Middlewares/ST/STM32_USB_Device_Library/Class/CDC/Src/usbd_cdc.o
 .text.USBD_CDC_EP0_RxReady
                0x00000000080081f6       0x76 ./Middlewares/ST/STM32_USB_Device_Library/Class/CDC/Src/usbd_cdc.o
 .text.USBD_CDC_GetFSCfgDesc
                0x000000000800826c       0x70 ./Middlewares/ST/STM32_USB_Device_Library/Class/CDC/Src/usbd_cdc.o
 .text.USBD_CDC_GetHSCfgDesc
                0x00000000080082dc       0x70 ./Middlewares/ST/STM32_USB_Device_Library/Class/CDC/Src/usbd_cdc.o
 .text.USBD_CDC_GetOtherSpeedCfgDesc
                0x000000000800834c       0x70 ./Middlewares/ST/STM32_USB_Device_Library/Class/CDC/Src/usbd_cdc.o
 .text.USBD_CDC_GetDeviceQualifierDescriptor
                0x00000000080083bc       0x20 ./Middlewares/ST/STM32_USB_Device_Library/Class/CDC/Src/usbd_cdc.o
                0x00000000080083bc                USBD_CDC_GetDeviceQualifierDescriptor
 .text.USBD_CDC_RegisterInterface
                0x00000000080083dc       0x34 ./Middlewares/ST/STM32_USB_Device_Library/Class/CDC/Src/usbd_cdc.o
                0x00000000080083dc                USBD_CDC_RegisterInterface
 .text.USBD_CDC_SetTxBuffer
                0x0000000008008410       0x44 ./Middlewares/ST/STM32_USB_Device_Library/Class/CDC/Src/usbd_cdc.o
                0x0000000008008410                USBD_CDC_SetTxBuffer
 .text.USBD_CDC_SetRxBuffer
                0x0000000008008454       0x3a ./Middlewares/ST/STM32_USB_Device_Library/Class/CDC/Src/usbd_cdc.o
                0x0000000008008454                USBD_CDC_SetRxBuffer
 *fill*         0x000000000800848e        0x2 
 .text.USBD_CDC_TransmitPacket
                0x0000000008008490       0x8c ./Middlewares/ST/STM32_USB_Device_Library/Class/CDC/Src/usbd_cdc.o
                0x0000000008008490                USBD_CDC_TransmitPacket
 .text.USBD_CDC_ReceivePacket
                0x000000000800851c       0x6c ./Middlewares/ST/STM32_USB_Device_Library/Class/CDC/Src/usbd_cdc.o
                0x000000000800851c                USBD_CDC_ReceivePacket
 .text.USBD_Init
                0x0000000008008588       0x60 ./Middlewares/ST/STM32_USB_Device_Library/Core/Src/usbd_core.o
                0x0000000008008588                USBD_Init
 .text.USBD_RegisterClass
                0x00000000080085e8       0x6c ./Middlewares/ST/STM32_USB_Device_Library/Core/Src/usbd_core.o
                0x00000000080085e8                USBD_RegisterClass
 .text.USBD_Start
                0x0000000008008654       0x18 ./Middlewares/ST/STM32_USB_Device_Library/Core/Src/usbd_core.o
                0x0000000008008654                USBD_Start
 .text.USBD_RunTestMode
                0x000000000800866c       0x16 ./Middlewares/ST/STM32_USB_Device_Library/Core/Src/usbd_core.o
                0x000000000800866c                USBD_RunTestMode
 .text.USBD_SetClassConfig
                0x0000000008008682       0x38 ./Middlewares/ST/STM32_USB_Device_Library/Core/Src/usbd_core.o
                0x0000000008008682                USBD_SetClassConfig
 .text.USBD_ClrClassConfig
                0x00000000080086ba       0x34 ./Middlewares/ST/STM32_USB_Device_Library/Core/Src/usbd_core.o
                0x00000000080086ba                USBD_ClrClassConfig
 .text.USBD_LL_SetupStage
                0x00000000080086ee       0xaa ./Middlewares/ST/STM32_USB_Device_Library/Core/Src/usbd_core.o
                0x00000000080086ee                USBD_LL_SetupStage
 .text.USBD_LL_DataOutStage
                0x0000000008008798      0x166 ./Middlewares/ST/STM32_USB_Device_Library/Core/Src/usbd_core.o
                0x0000000008008798                USBD_LL_DataOutStage
 .text.USBD_LL_DataInStage
                0x00000000080088fe      0x164 ./Middlewares/ST/STM32_USB_Device_Library/Core/Src/usbd_core.o
                0x00000000080088fe                USBD_LL_DataInStage
 .text.USBD_LL_Reset
                0x0000000008008a62       0xa4 ./Middlewares/ST/STM32_USB_Device_Library/Core/Src/usbd_core.o
                0x0000000008008a62                USBD_LL_Reset
 .text.USBD_LL_SetSpeed
                0x0000000008008b06       0x20 ./Middlewares/ST/STM32_USB_Device_Library/Core/Src/usbd_core.o
                0x0000000008008b06                USBD_LL_SetSpeed
 .text.USBD_LL_Suspend
                0x0000000008008b26       0x2c ./Middlewares/ST/STM32_USB_Device_Library/Core/Src/usbd_core.o
                0x0000000008008b26                USBD_LL_Suspend
 .text.USBD_LL_Resume
                0x0000000008008b52       0x30 ./Middlewares/ST/STM32_USB_Device_Library/Core/Src/usbd_core.o
                0x0000000008008b52                USBD_LL_Resume
 .text.USBD_LL_SOF
                0x0000000008008b82       0x40 ./Middlewares/ST/STM32_USB_Device_Library/Core/Src/usbd_core.o
                0x0000000008008b82                USBD_LL_SOF
 .text.USBD_LL_IsoINIncomplete
                0x0000000008008bc2       0x64 ./Middlewares/ST/STM32_USB_Device_Library/Core/Src/usbd_core.o
                0x0000000008008bc2                USBD_LL_IsoINIncomplete
 .text.USBD_LL_IsoOUTIncomplete
                0x0000000008008c26       0x64 ./Middlewares/ST/STM32_USB_Device_Library/Core/Src/usbd_core.o
                0x0000000008008c26                USBD_LL_IsoOUTIncomplete
 .text.USBD_LL_DevConnected
                0x0000000008008c8a       0x16 ./Middlewares/ST/STM32_USB_Device_Library/Core/Src/usbd_core.o
                0x0000000008008c8a                USBD_LL_DevConnected
 .text.USBD_LL_DevDisconnected
                0x0000000008008ca0       0x46 ./Middlewares/ST/STM32_USB_Device_Library/Core/Src/usbd_core.o
                0x0000000008008ca0                USBD_LL_DevDisconnected
 .text.USBD_CoreFindIF
                0x0000000008008ce6       0x1a ./Middlewares/ST/STM32_USB_Device_Library/Core/Src/usbd_core.o
                0x0000000008008ce6                USBD_CoreFindIF
 .text.USBD_CoreFindEP
                0x0000000008008d00       0x1a ./Middlewares/ST/STM32_USB_Device_Library/Core/Src/usbd_core.o
                0x0000000008008d00                USBD_CoreFindEP
 .text.USBD_GetEpDesc
                0x0000000008008d1a       0x74 ./Middlewares/ST/STM32_USB_Device_Library/Core/Src/usbd_core.o
                0x0000000008008d1a                USBD_GetEpDesc
 .text.USBD_GetNextDesc
                0x0000000008008d8e       0x3a ./Middlewares/ST/STM32_USB_Device_Library/Core/Src/usbd_core.o
                0x0000000008008d8e                USBD_GetNextDesc
 .text.SWAPBYTE
                0x0000000008008dc8       0x3c ./Middlewares/ST/STM32_USB_Device_Library/Core/Src/usbd_ctlreq.o
 .text.USBD_StdDevReq
                0x0000000008008e04       0xe4 ./Middlewares/ST/STM32_USB_Device_Library/Core/Src/usbd_ctlreq.o
                0x0000000008008e04                USBD_StdDevReq
 .text.USBD_StdItfReq
                0x0000000008008ee8       0xd8 ./Middlewares/ST/STM32_USB_Device_Library/Core/Src/usbd_ctlreq.o
                0x0000000008008ee8                USBD_StdItfReq
 .text.USBD_StdEPReq
                0x0000000008008fc0      0x33a ./Middlewares/ST/STM32_USB_Device_Library/Core/Src/usbd_ctlreq.o
                0x0000000008008fc0                USBD_StdEPReq
 *fill*         0x00000000080092fa        0x2 
 .text.USBD_GetDescriptor
                0x00000000080092fc      0x2d4 ./Middlewares/ST/STM32_USB_Device_Library/Core/Src/usbd_ctlreq.o
 .text.USBD_SetAddress
                0x00000000080095d0       0x88 ./Middlewares/ST/STM32_USB_Device_Library/Core/Src/usbd_ctlreq.o
 .text.USBD_SetConfig
                0x0000000008009658      0x154 ./Middlewares/ST/STM32_USB_Device_Library/Core/Src/usbd_ctlreq.o
 .text.USBD_GetConfig
                0x00000000080097ac       0x6c ./Middlewares/ST/STM32_USB_Device_Library/Core/Src/usbd_ctlreq.o
 .text.USBD_GetStatus
                0x0000000008009818       0x68 ./Middlewares/ST/STM32_USB_Device_Library/Core/Src/usbd_ctlreq.o
 .text.USBD_SetFeature
                0x0000000008009880       0x52 ./Middlewares/ST/STM32_USB_Device_Library/Core/Src/usbd_ctlreq.o
 .text.USBD_ClrFeature
                0x00000000080098d2       0x44 ./Middlewares/ST/STM32_USB_Device_Library/Core/Src/usbd_ctlreq.o
 .text.USBD_ParseSetupRequest
                0x0000000008009916       0x74 ./Middlewares/ST/STM32_USB_Device_Library/Core/Src/usbd_ctlreq.o
                0x0000000008009916                USBD_ParseSetupRequest
 .text.USBD_CtlError
                0x000000000800998a       0x22 ./Middlewares/ST/STM32_USB_Device_Library/Core/Src/usbd_ctlreq.o
                0x000000000800998a                USBD_CtlError
 .text.USBD_GetString
                0x00000000080099ac       0x8c ./Middlewares/ST/STM32_USB_Device_Library/Core/Src/usbd_ctlreq.o
                0x00000000080099ac                USBD_GetString
 .text.USBD_GetLen
                0x0000000008009a38       0x34 ./Middlewares/ST/STM32_USB_Device_Library/Core/Src/usbd_ctlreq.o
 .text.USBD_CtlSendData
                0x0000000008009a6c       0x36 ./Middlewares/ST/STM32_USB_Device_Library/Core/Src/usbd_ioreq.o
                0x0000000008009a6c                USBD_CtlSendData
 .text.USBD_CtlContinueSendData
                0x0000000008009aa2       0x22 ./Middlewares/ST/STM32_USB_Device_Library/Core/Src/usbd_ioreq.o
                0x0000000008009aa2                USBD_CtlContinueSendData
 .text.USBD_CtlPrepareRx
                0x0000000008009ac4       0x3a ./Middlewares/ST/STM32_USB_Device_Library/Core/Src/usbd_ioreq.o
                0x0000000008009ac4                USBD_CtlPrepareRx
 .text.USBD_CtlContinueRx
                0x0000000008009afe       0x22 ./Middlewares/ST/STM32_USB_Device_Library/Core/Src/usbd_ioreq.o
                0x0000000008009afe                USBD_CtlContinueRx
 .text.USBD_CtlSendStatus
                0x0000000008009b20       0x26 ./Middlewares/ST/STM32_USB_Device_Library/Core/Src/usbd_ioreq.o
                0x0000000008009b20                USBD_CtlSendStatus
 .text.USBD_CtlReceiveStatus
                0x0000000008009b46       0x26 ./Middlewares/ST/STM32_USB_Device_Library/Core/Src/usbd_ioreq.o
                0x0000000008009b46                USBD_CtlReceiveStatus
 .text.MX_USB_DEVICE_Init
                0x0000000008009b6c       0x60 ./USB_DEVICE/App/usb_device.o
                0x0000000008009b6c                MX_USB_DEVICE_Init
 .text.CDC_Init_FS
                0x0000000008009bcc       0x28 ./USB_DEVICE/App/usbd_cdc_if.o
 .text.CDC_DeInit_FS
                0x0000000008009bf4       0x10 ./USB_DEVICE/App/usbd_cdc_if.o
 .text.CDC_Control_FS
                0x0000000008009c04       0xbc ./USB_DEVICE/App/usbd_cdc_if.o
 .text.CDC_Receive_FS
                0x0000000008009cc0      0x154 ./USB_DEVICE/App/usbd_cdc_if.o
 .text.CDC_Transmit_FS
                0x0000000008009e14       0x4c ./USB_DEVICE/App/usbd_cdc_if.o
                0x0000000008009e14                CDC_Transmit_FS
 .text.CDC_TransmitCplt_FS
                0x0000000008009e60       0x22 ./USB_DEVICE/App/usbd_cdc_if.o
 *fill*         0x0000000008009e82        0x2 
 .text.USBD_FS_DeviceDescriptor
                0x0000000008009e84       0x24 ./USB_DEVICE/App/usbd_desc.o
                0x0000000008009e84                USBD_FS_DeviceDescriptor
 .text.USBD_FS_LangIDStrDescriptor
                0x0000000008009ea8       0x24 ./USB_DEVICE/App/usbd_desc.o
                0x0000000008009ea8                USBD_FS_LangIDStrDescriptor
 .text.USBD_FS_ProductStrDescriptor
                0x0000000008009ecc       0x3c ./USB_DEVICE/App/usbd_desc.o
                0x0000000008009ecc                USBD_FS_ProductStrDescriptor
 .text.USBD_FS_ManufacturerStrDescriptor
                0x0000000008009f08       0x28 ./USB_DEVICE/App/usbd_desc.o
                0x0000000008009f08                USBD_FS_ManufacturerStrDescriptor
 .text.USBD_FS_SerialStrDescriptor
                0x0000000008009f30       0x24 ./USB_DEVICE/App/usbd_desc.o
                0x0000000008009f30                USBD_FS_SerialStrDescriptor
 .text.USBD_FS_ConfigStrDescriptor
                0x0000000008009f54       0x3c ./USB_DEVICE/App/usbd_desc.o
                0x0000000008009f54                USBD_FS_ConfigStrDescriptor
 .text.USBD_FS_InterfaceStrDescriptor
                0x0000000008009f90       0x3c ./USB_DEVICE/App/usbd_desc.o
                0x0000000008009f90                USBD_FS_InterfaceStrDescriptor
 .text.Get_SerialNum
                0x0000000008009fcc       0x58 ./USB_DEVICE/App/usbd_desc.o
 .text.IntToUnicode
                0x000000000800a024       0x7e ./USB_DEVICE/App/usbd_desc.o
 *fill*         0x000000000800a0a2        0x2 
 .text.HAL_PCD_MspInit
                0x000000000800a0a4       0xa8 ./USB_DEVICE/Target/usbd_conf.o
                0x000000000800a0a4                HAL_PCD_MspInit
 .text.HAL_PCD_SetupStageCallback
                0x000000000800a14c       0x24 ./USB_DEVICE/Target/usbd_conf.o
                0x000000000800a14c                HAL_PCD_SetupStageCallback
 .text.HAL_PCD_DataOutStageCallback
                0x000000000800a170       0x36 ./USB_DEVICE/Target/usbd_conf.o
                0x000000000800a170                HAL_PCD_DataOutStageCallback
 .text.HAL_PCD_DataInStageCallback
                0x000000000800a1a6       0x34 ./USB_DEVICE/Target/usbd_conf.o
                0x000000000800a1a6                HAL_PCD_DataInStageCallback
 .text.HAL_PCD_SOFCallback
                0x000000000800a1da       0x1c ./USB_DEVICE/Target/usbd_conf.o
                0x000000000800a1da                HAL_PCD_SOFCallback
 .text.HAL_PCD_ResetCallback
                0x000000000800a1f6       0x50 ./USB_DEVICE/Target/usbd_conf.o
                0x000000000800a1f6                HAL_PCD_ResetCallback
 *fill*         0x000000000800a246        0x2 
 .text.HAL_PCD_SuspendCallback
                0x000000000800a248       0x4c ./USB_DEVICE/Target/usbd_conf.o
                0x000000000800a248                HAL_PCD_SuspendCallback
 .text.HAL_PCD_ResumeCallback
                0x000000000800a294       0x1c ./USB_DEVICE/Target/usbd_conf.o
                0x000000000800a294                HAL_PCD_ResumeCallback
 .text.HAL_PCD_ISOOUTIncompleteCallback
                0x000000000800a2b0       0x24 ./USB_DEVICE/Target/usbd_conf.o
                0x000000000800a2b0                HAL_PCD_ISOOUTIncompleteCallback
 .text.HAL_PCD_ISOINIncompleteCallback
                0x000000000800a2d4       0x24 ./USB_DEVICE/Target/usbd_conf.o
                0x000000000800a2d4                HAL_PCD_ISOINIncompleteCallback
 .text.HAL_PCD_ConnectCallback
                0x000000000800a2f8       0x1c ./USB_DEVICE/Target/usbd_conf.o
                0x000000000800a2f8                HAL_PCD_ConnectCallback
 .text.HAL_PCD_DisconnectCallback
                0x000000000800a314       0x1c ./USB_DEVICE/Target/usbd_conf.o
                0x000000000800a314                HAL_PCD_DisconnectCallback
 .text.USBD_LL_Init
                0x000000000800a330       0x98 ./USB_DEVICE/Target/usbd_conf.o
                0x000000000800a330                USBD_LL_Init
 .text.USBD_LL_Start
                0x000000000800a3c8       0x36 ./USB_DEVICE/Target/usbd_conf.o
                0x000000000800a3c8                USBD_LL_Start
 .text.USBD_LL_OpenEP
                0x000000000800a3fe       0x4c ./USB_DEVICE/Target/usbd_conf.o
                0x000000000800a3fe                USBD_LL_OpenEP
 .text.USBD_LL_CloseEP
                0x000000000800a44a       0x3e ./USB_DEVICE/Target/usbd_conf.o
                0x000000000800a44a                USBD_LL_CloseEP
 .text.USBD_LL_StallEP
                0x000000000800a488       0x3e ./USB_DEVICE/Target/usbd_conf.o
                0x000000000800a488                USBD_LL_StallEP
 .text.USBD_LL_ClearStallEP
                0x000000000800a4c6       0x3e ./USB_DEVICE/Target/usbd_conf.o
                0x000000000800a4c6                USBD_LL_ClearStallEP
 .text.USBD_LL_IsStallEP
                0x000000000800a504       0x58 ./USB_DEVICE/Target/usbd_conf.o
                0x000000000800a504                USBD_LL_IsStallEP
 .text.USBD_LL_SetUSBAddress
                0x000000000800a55c       0x3e ./USB_DEVICE/Target/usbd_conf.o
                0x000000000800a55c                USBD_LL_SetUSBAddress
 .text.USBD_LL_Transmit
                0x000000000800a59a       0x42 ./USB_DEVICE/Target/usbd_conf.o
                0x000000000800a59a                USBD_LL_Transmit
 .text.USBD_LL_PrepareReceive
                0x000000000800a5dc       0x42 ./USB_DEVICE/Target/usbd_conf.o
                0x000000000800a5dc                USBD_LL_PrepareReceive
 .text.USBD_LL_GetRxDataSize
                0x000000000800a61e       0x26 ./USB_DEVICE/Target/usbd_conf.o
                0x000000000800a61e                USBD_LL_GetRxDataSize
 .text.USBD_static_malloc
                0x000000000800a644       0x1c ./USB_DEVICE/Target/usbd_conf.o
                0x000000000800a644                USBD_static_malloc
 .text.USBD_static_free
                0x000000000800a660       0x14 ./USB_DEVICE/Target/usbd_conf.o
                0x000000000800a660                USBD_static_free
 .text.USBD_Get_USB_Status
                0x000000000800a674       0x58 ./USB_DEVICE/Target/usbd_conf.o
                0x000000000800a674                USBD_Get_USB_Status
 .text.__libc_init_array
                0x000000000800a6cc       0x48 /opt/st/stm32cubeide_1.11.2/plugins/com.st.stm32cube.ide.mcu.externaltools.gnu-tools-for-stm32.10.3-2021.10.linux64_1.0.100.202210260954/tools/bin/../lib/gcc/arm-none-eabi/10.3.1/../../../../arm-none-eabi/lib/thumb/v7e-m+fp/hard/libc_nano.a(lib_a-init.o)
                0x000000000800a6cc                __libc_init_array
 .text.memcpy   0x000000000800a714       0x1c /opt/st/stm32cubeide_1.11.2/plugins/com.st.stm32cube.ide.mcu.externaltools.gnu-tools-for-stm32.10.3-2021.10.linux64_1.0.100.202210260954/tools/bin/../lib/gcc/arm-none-eabi/10.3.1/../../../../arm-none-eabi/lib/thumb/v7e-m+fp/hard/libc_nano.a(lib_a-memcpy-stub.o)
                0x000000000800a714                memcpy
 .text.memset   0x000000000800a730       0x10 /opt/st/stm32cubeide_1.11.2/plugins/com.st.stm32cube.ide.mcu.externaltools.gnu-tools-for-stm32.10.3-2021.10.linux64_1.0.100.202210260954/tools/bin/../lib/gcc/arm-none-eabi/10.3.1/../../../../arm-none-eabi/lib/thumb/v7e-m+fp/hard/libc_nano.a(lib_a-memset.o)
                0x000000000800a730                memset
 *(.glue_7)
 .glue_7        0x000000000800a740        0x0 linker stubs
 *(.glue_7t)
 .glue_7t       0x000000000800a740        0x0 linker stubs
 *(.eh_frame)
 .eh_frame      0x000000000800a740        0x0 /opt/st/stm32cubeide_1.11.2/plugins/com.st.stm32cube.ide.mcu.externaltools.gnu-tools-for-stm32.10.3-2021.10.linux64_1.0.100.202210260954/tools/bin/../lib/gcc/arm-none-eabi/10.3.1/thumb/v7e-m+fp/hard/crtbegin.o
 *(.init)
 .init          0x000000000800a740        0x4 /opt/st/stm32cubeide_1.11.2/plugins/com.st.stm32cube.ide.mcu.externaltools.gnu-tools-for-stm32.10.3-2021.10.linux64_1.0.100.202210260954/tools/bin/../lib/gcc/arm-none-eabi/10.3.1/thumb/v7e-m+fp/hard/crti.o
                0x000000000800a740                _init
 .init          0x000000000800a744        0x8 /opt/st/stm32cubeide_1.11.2/plugins/com.st.stm32cube.ide.mcu.externaltools.gnu-tools-for-stm32.10.3-2021.10.linux64_1.0.100.202210260954/tools/bin/../lib/gcc/arm-none-eabi/10.3.1/thumb/v7e-m+fp/hard/crtn.o
 *(.fini)
 .fini          0x000000000800a74c        0x4 /opt/st/stm32cubeide_1.11.2/plugins/com.st.stm32cube.ide.mcu.externaltools.gnu-tools-for-stm32.10.3-2021.10.linux64_1.0.100.202210260954/tools/bin/../lib/gcc/arm-none-eabi/10.3.1/thumb/v7e-m+fp/hard/crti.o
                0x000000000800a74c                _fini
 .fini          0x000000000800a750        0x8 /opt/st/stm32cubeide_1.11.2/plugins/com.st.stm32cube.ide.mcu.externaltools.gnu-tools-for-stm32.10.3-2021.10.linux64_1.0.100.202210260954/tools/bin/../lib/gcc/arm-none-eabi/10.3.1/thumb/v7e-m+fp/hard/crtn.o
                0x000000000800a758                . = ALIGN (0x4)
                0x000000000800a758                _etext = .

.vfp11_veneer   0x000000000800a758        0x0
 .vfp11_veneer  0x000000000800a758        0x0 linker stubs

.v4_bx          0x000000000800a758        0x0
 .v4_bx         0x000000000800a758        0x0 linker stubs

.iplt           0x000000000800a758        0x0
 .iplt          0x000000000800a758        0x0 /opt/st/stm32cubeide_1.11.2/plugins/com.st.stm32cube.ide.mcu.externaltools.gnu-tools-for-stm32.10.3-2021.10.linux64_1.0.100.202210260954/tools/bin/../lib/gcc/arm-none-eabi/10.3.1/thumb/v7e-m+fp/hard/crtbegin.o

.rodata         0x000000000800a758       0x60
                0x000000000800a758                . = ALIGN (0x4)
 *(.rodata)
 .rodata        0x000000000800a758       0x46 ./USB_DEVICE/App/usbd_desc.o
 *(.rodata*)
 *fill*         0x000000000800a79e        0x2 
 .rodata.AHBPrescTable
                0x000000000800a7a0       0x10 ./Core/Src/system_stm32f4xx.o
                0x000000000800a7a0                AHBPrescTable
 .rodata.APBPrescTable
                0x000000000800a7b0        0x8 ./Core/Src/system_stm32f4xx.o
                0x000000000800a7b0                APBPrescTable
                0x000000000800a7b8                . = ALIGN (0x4)

.ARM.extab      0x000000000800a7b8        0x0
                0x000000000800a7b8                . = ALIGN (0x4)
 *(.ARM.extab* .gnu.linkonce.armextab.*)
                0x000000000800a7b8                . = ALIGN (0x4)

.ARM            0x000000000800a7b8        0x8
                0x000000000800a7b8                . = ALIGN (0x4)
                0x000000000800a7b8                __exidx_start = .
 *(.ARM.exidx*)
 .ARM.exidx     0x000000000800a7b8        0x8 /opt/st/stm32cubeide_1.11.2/plugins/com.st.stm32cube.ide.mcu.externaltools.gnu-tools-for-stm32.10.3-2021.10.linux64_1.0.100.202210260954/tools/bin/../lib/gcc/arm-none-eabi/10.3.1/thumb/v7e-m+fp/hard/libgcc.a(_udivmoddi4.o)
                0x000000000800a7c0                __exidx_end = .
                0x000000000800a7c0                . = ALIGN (0x4)

.rel.dyn        0x000000000800a7c0        0x0
 .rel.iplt      0x000000000800a7c0        0x0 /opt/st/stm32cubeide_1.11.2/plugins/com.st.stm32cube.ide.mcu.externaltools.gnu-tools-for-stm32.10.3-2021.10.linux64_1.0.100.202210260954/tools/bin/../lib/gcc/arm-none-eabi/10.3.1/thumb/v7e-m+fp/hard/crtbegin.o

.preinit_array  0x000000000800a7c0        0x0
                0x000000000800a7c0                . = ALIGN (0x4)
                0x000000000800a7c0                PROVIDE (__preinit_array_start = .)
 *(.preinit_array*)
                0x000000000800a7c0                PROVIDE (__preinit_array_end = .)
                0x000000000800a7c0                . = ALIGN (0x4)

.init_array     0x000000000800a7c0        0x4
                0x000000000800a7c0                . = ALIGN (0x4)
                0x000000000800a7c0                PROVIDE (__init_array_start = .)
 *(SORT_BY_NAME(.init_array.*))
 *(.init_array*)
 .init_array    0x000000000800a7c0        0x4 /opt/st/stm32cubeide_1.11.2/plugins/com.st.stm32cube.ide.mcu.externaltools.gnu-tools-for-stm32.10.3-2021.10.linux64_1.0.100.202210260954/tools/bin/../lib/gcc/arm-none-eabi/10.3.1/thumb/v7e-m+fp/hard/crtbegin.o
                0x000000000800a7c4                PROVIDE (__init_array_end = .)
                0x000000000800a7c4                . = ALIGN (0x4)

.fini_array     0x000000000800a7c4        0x4
                0x000000000800a7c4                . = ALIGN (0x4)
                [!provide]                        PROVIDE (__fini_array_start = .)
 *(SORT_BY_NAME(.fini_array.*))
 *(.fini_array*)
 .fini_array    0x000000000800a7c4        0x4 /opt/st/stm32cubeide_1.11.2/plugins/com.st.stm32cube.ide.mcu.externaltools.gnu-tools-for-stm32.10.3-2021.10.linux64_1.0.100.202210260954/tools/bin/../lib/gcc/arm-none-eabi/10.3.1/thumb/v7e-m+fp/hard/crtbegin.o
                [!provide]                        PROVIDE (__fini_array_end = .)
                0x000000000800a7c8                . = ALIGN (0x4)
                0x000000000800a7c8                _sidata = LOADADDR (.data)

.data           0x0000000020000000      0x178 load address 0x000000000800a7c8
                0x0000000020000000                . = ALIGN (0x4)
                0x0000000020000000                _sdata = .
 *(.data)
 *(.data*)
 .data.tx_buff  0x0000000020000000       0x20 ./Core/Src/main.o
                0x0000000020000000                tx_buff
 .data.stm_to_pc
                0x0000000020000020       0x54 ./Core/Src/main.o
                0x0000000020000020                stm_to_pc
 .data.kp_Arm   0x0000000020000074        0x4 ./Core/Src/slider.o
                0x0000000020000074                kp_Arm
 .data.kp_Lifter
                0x0000000020000078        0x4 ./Core/Src/slider.o
                0x0000000020000078                kp_Lifter
 .data.SystemCoreClock
                0x000000002000007c        0x4 ./Core/Src/system_stm32f4xx.o
                0x000000002000007c                SystemCoreClock
 .data.uwTickPrio
                0x0000000020000080        0x4 ./Drivers/STM32F4xx_HAL_Driver/Src/stm32f4xx_hal.o
                0x0000000020000080                uwTickPrio
 .data.uwTickFreq
                0x0000000020000084        0x1 ./Drivers/STM32F4xx_HAL_Driver/Src/stm32f4xx_hal.o
                0x0000000020000084                uwTickFreq
 *fill*         0x0000000020000085        0x3 
 .data.USBD_CDC_DeviceQualifierDesc
                0x0000000020000088        0xa ./Middlewares/ST/STM32_USB_Device_Library/Class/CDC/Src/usbd_cdc.o
 *fill*         0x0000000020000092        0x2 
 .data.USBD_CDC
                0x0000000020000094       0x38 ./Middlewares/ST/STM32_USB_Device_Library/Class/CDC/Src/usbd_cdc.o
                0x0000000020000094                USBD_CDC
 .data.USBD_CDC_CfgDesc
                0x00000000200000cc       0x43 ./Middlewares/ST/STM32_USB_Device_Library/Class/CDC/Src/usbd_cdc.o
 .data.CDCInEpAdd
                0x000000002000010f        0x1 ./Middlewares/ST/STM32_USB_Device_Library/Class/CDC/Src/usbd_cdc.o
 .data.CDCOutEpAdd
                0x0000000020000110        0x1 ./Middlewares/ST/STM32_USB_Device_Library/Class/CDC/Src/usbd_cdc.o
 .data.CDCCmdEpAdd
                0x0000000020000111        0x1 ./Middlewares/ST/STM32_USB_Device_Library/Class/CDC/Src/usbd_cdc.o
 *fill*         0x0000000020000112        0x2 
 .data.USBD_Interface_fops_FS
                0x0000000020000114       0x14 ./USB_DEVICE/App/usbd_cdc_if.o
                0x0000000020000114                USBD_Interface_fops_FS
 .data.FS_Desc  0x0000000020000128       0x1c ./USB_DEVICE/App/usbd_desc.o
                0x0000000020000128                FS_Desc
 .data.USBD_FS_DeviceDesc
                0x0000000020000144       0x12 ./USB_DEVICE/App/usbd_desc.o
                0x0000000020000144                USBD_FS_DeviceDesc
 *fill*         0x0000000020000156        0x2 
 .data.USBD_LangIDDesc
                0x0000000020000158        0x4 ./USB_DEVICE/App/usbd_desc.o
                0x0000000020000158                USBD_LangIDDesc
 .data.USBD_StringSerial
                0x000000002000015c       0x1a ./USB_DEVICE/App/usbd_desc.o
                0x000000002000015c                USBD_StringSerial
 *(.RamFunc)
 *(.RamFunc*)
                0x0000000020000178                . = ALIGN (0x4)
 *fill*         0x0000000020000176        0x2 
                0x0000000020000178                _edata = .
                0x000000000800a940                _siccmram = LOADADDR (.ccmram)

.igot.plt       0x0000000020000178        0x0 load address 0x000000000800a940
 .igot.plt      0x0000000020000178        0x0 /opt/st/stm32cubeide_1.11.2/plugins/com.st.stm32cube.ide.mcu.externaltools.gnu-tools-for-stm32.10.3-2021.10.linux64_1.0.100.202210260954/tools/bin/../lib/gcc/arm-none-eabi/10.3.1/thumb/v7e-m+fp/hard/crtbegin.o

.ccmram         0x0000000010000000        0x0 load address 0x000000000800a940
                0x0000000010000000                . = ALIGN (0x4)
                0x0000000010000000                _sccmram = .
 *(.ccmram)
 *(.ccmram*)
                0x0000000010000000                . = ALIGN (0x4)
                0x0000000010000000                _eccmram = .
                0x0000000010000000                . = ALIGN (0x4)

.bss            0x0000000020000178     0x1f98
                0x0000000020000178                _sbss = .
                0x0000000020000178                __bss_start__ = _sbss
 *(.bss)
 .bss           0x0000000020000178       0x1c /opt/st/stm32cubeide_1.11.2/plugins/com.st.stm32cube.ide.mcu.externaltools.gnu-tools-for-stm32.10.3-2021.10.linux64_1.0.100.202210260954/tools/bin/../lib/gcc/arm-none-eabi/10.3.1/thumb/v7e-m+fp/hard/crtbegin.o
 *(.bss*)
 .bss.Rx_buff   0x0000000020000194       0x20 ./Core/Src/main.o
                0x0000000020000194                Rx_buff
 .bss.Rx_temp   0x00000000200001b4        0x1 ./Core/Src/main.o
                0x00000000200001b4                Rx_temp
 .bss.Rx_state  0x00000000200001b5        0x1 ./Core/Src/main.o
                0x00000000200001b5                Rx_state
 *fill*         0x00000000200001b6        0x2 
 .bss.RoboPose_Global
                0x00000000200001b8        0xc ./Core/Src/main.o
                0x00000000200001b8                RoboPose_Global
 .bss.RoboPose  0x00000000200001c4        0xc ./Core/Src/main.o
                0x00000000200001c4                RoboPose
 .bss.time_s    0x00000000200001d0        0x4 ./Core/Src/main.o
                0x00000000200001d0                time_s
 .bss.time_stamp_rx
                0x00000000200001d4        0x4 ./Core/Src/main.o
                0x00000000200001d4                time_stamp_rx
 .bss.RobotSpeed
                0x00000000200001d8        0xc ./Core/Src/main.o
                0x00000000200001d8                RobotSpeed
 .bss.vacuum_status
                0x00000000200001e4        0x1 ./Core/Src/main.o
                0x00000000200001e4                vacuum_status
 .bss.pneumatic_stat
                0x00000000200001e5        0x1 ./Core/Src/main.o
                0x00000000200001e5                pneumatic_stat
 .bss.startButton
                0x00000000200001e6        0x1 ./Core/Src/main.o
                0x00000000200001e6                startButton
 .bss.retryButton
                0x00000000200001e7        0x1 ./Core/Src/main.o
                0x00000000200001e7                retryButton
 .bss.mapButton
                0x00000000200001e8        0x1 ./Core/Src/main.o
                0x00000000200001e8                mapButton
 .bss.pump_stat
                0x00000000200001e9        0x1 ./Core/Src/main.o
                0x00000000200001e9                pump_stat
 .bss.servo_stat
                0x00000000200001ea        0x1 ./Core/Src/main.o
                0x00000000200001ea                servo_stat
 *fill*         0x00000000200001eb        0x1 
 .bss.encArm    0x00000000200001ec        0x2 ./Core/Src/main.o
                0x00000000200001ec                encArm
 .bss.tarArm    0x00000000200001ee        0x2 ./Core/Src/main.o
                0x00000000200001ee                tarArm
 .bss.limArm    0x00000000200001f0        0x2 ./Core/Src/main.o
                0x00000000200001f0                limArm
 .bss.encLifter
                0x00000000200001f2        0x2 ./Core/Src/main.o
                0x00000000200001f2                encLifter
 .bss.tarLifter
                0x00000000200001f4        0x2 ./Core/Src/main.o
                0x00000000200001f4                tarLifter
 .bss.limLifter
                0x00000000200001f6        0x2 ./Core/Src/main.o
                0x00000000200001f6                limLifter
 .bss.status_slider
                0x00000000200001f8        0x1 ./Core/Src/main.o
                0x00000000200001f8                status_slider
 *fill*         0x00000000200001f9        0x3 
 .bss.timer_slider
                0x00000000200001fc        0x4 ./Core/Src/main.o
                0x00000000200001fc                timer_slider
 .bss.prev_enc_slider
                0x0000000020000200        0x2 ./Core/Src/main.o
                0x0000000020000200                prev_enc_slider
 .bss.status_lifter
                0x0000000020000202        0x1 ./Core/Src/main.o
                0x0000000020000202                status_lifter
 *fill*         0x0000000020000203        0x1 
 .bss.timer_lifter
                0x0000000020000204        0x4 ./Core/Src/main.o
                0x0000000020000204                timer_lifter
 .bss.prev_enc_lifter
                0x0000000020000208        0x2 ./Core/Src/main.o
                0x0000000020000208                prev_enc_lifter
 *fill*         0x000000002000020a        0x2 
 .bss.var       0x000000002000020c        0x4 ./Core/Src/main.o
                0x000000002000020c                var
 .bss.prox_kanan
                0x0000000020000210        0x1 ./Core/Src/main.o
                0x0000000020000210                prox_kanan
 .bss.prox_kiri
                0x0000000020000211        0x1 ./Core/Src/main.o
                0x0000000020000211                prox_kiri
 .bss.data_temp
                0x0000000020000212        0x1 ./Core/Src/main.o
                0x0000000020000212                data_temp
 *fill*         0x0000000020000213        0x1 
 .bss.data_buff
                0x0000000020000214       0x23 ./Core/Src/main.o
                0x0000000020000214                data_buff
 .bss.data_state
                0x0000000020000237        0x1 ./Core/Src/main.o
                0x0000000020000237                data_state
 .bss.ADC_Read  0x0000000020000238       0x20 ./Core/Src/main.o
                0x0000000020000238                ADC_Read
 .bss.propoArm  0x0000000020000258        0x4 ./Core/Src/slider.o
 .bss.integralArm
                0x000000002000025c        0x4 ./Core/Src/slider.o
 .bss.derivativeArm
                0x0000000020000260        0x4 ./Core/Src/slider.o
 .bss.propoLifter
                0x0000000020000264        0x4 ./Core/Src/slider.o
 .bss.integralLifter
                0x0000000020000268        0x4 ./Core/Src/slider.o
 .bss.derivativeLifter
                0x000000002000026c        0x4 ./Core/Src/slider.o
 .bss.errorArm  0x0000000020000270        0x4 ./Core/Src/slider.o
 .bss.prev_errorArm
                0x0000000020000274        0x4 ./Core/Src/slider.o
 .bss.sum_errorArm
                0x0000000020000278        0x4 ./Core/Src/slider.o
 .bss.errorLifter
                0x000000002000027c        0x4 ./Core/Src/slider.o
 .bss.prev_errorLifter
                0x0000000020000280        0x4 ./Core/Src/slider.o
 .bss.sum_errorLifter
                0x0000000020000284        0x4 ./Core/Src/slider.o
 .bss.outputArm
                0x0000000020000288        0x2 ./Core/Src/slider.o
                0x0000000020000288                outputArm
 .bss.outputLifter
                0x000000002000028a        0x2 ./Core/Src/slider.o
                0x000000002000028a                outputLifter
 .bss.ki_Arm    0x000000002000028c        0x4 ./Core/Src/slider.o
                0x000000002000028c                ki_Arm
 .bss.kd_Arm    0x0000000020000290        0x4 ./Core/Src/slider.o
                0x0000000020000290                kd_Arm
 .bss.ki_Lifter
                0x0000000020000294        0x4 ./Core/Src/slider.o
                0x0000000020000294                ki_Lifter
 .bss.kd_Lifter
                0x0000000020000298        0x4 ./Core/Src/slider.o
                0x0000000020000298                kd_Lifter
 .bss.htim5     0x000000002000029c       0x48 ./Core/Src/tim.o
                0x000000002000029c                htim5
 .bss.htim6     0x00000000200002e4       0x48 ./Core/Src/tim.o
                0x00000000200002e4                htim6
 .bss.htim7     0x000000002000032c       0x48 ./Core/Src/tim.o
                0x000000002000032c                htim7
 .bss.htim8     0x0000000020000374       0x48 ./Core/Src/tim.o
                0x0000000020000374                htim8
 .bss.htim9     0x00000000200003bc       0x48 ./Core/Src/tim.o
                0x00000000200003bc                htim9
 .bss.htim12    0x0000000020000404       0x48 ./Core/Src/tim.o
                0x0000000020000404                htim12
 .bss.huart1    0x000000002000044c       0x44 ./Core/Src/usart.o
                0x000000002000044c                huart1
 .bss.huart2    0x0000000020000490       0x44 ./Core/Src/usart.o
                0x0000000020000490                huart2
 .bss.uwTick    0x00000000200004d4        0x4 ./Drivers/STM32F4xx_HAL_Driver/Src/stm32f4xx_hal.o
                0x00000000200004d4                uwTick
 .bss.cfgidx.0  0x00000000200004d8        0x1 ./Middlewares/ST/STM32_USB_Device_Library/Core/Src/usbd_ctlreq.o
 *fill*         0x00000000200004d9        0x3 
 .bss.hUsbDeviceFS
                0x00000000200004dc      0x2dc ./USB_DEVICE/App/usb_device.o
                0x00000000200004dc                hUsbDeviceFS
 .bss.recv_dummy
                0x00000000200007b8       0x2b ./USB_DEVICE/App/usbd_cdc_if.o
                0x00000000200007b8                recv_dummy
 *fill*         0x00000000200007e3        0x1 
 .bss.UserRxBufferFS
                0x00000000200007e4      0x800 ./USB_DEVICE/App/usbd_cdc_if.o
                0x00000000200007e4                UserRxBufferFS
 .bss.UserTxBufferFS
                0x0000000020000fe4      0x800 ./USB_DEVICE/App/usbd_cdc_if.o
                0x0000000020000fe4                UserTxBufferFS
 .bss.USBD_StrDesc
                0x00000000200017e4      0x200 ./USB_DEVICE/App/usbd_desc.o
                0x00000000200017e4                USBD_StrDesc
 .bss.hpcd_USB_OTG_FS
                0x00000000200019e4      0x50c ./USB_DEVICE/Target/usbd_conf.o
                0x00000000200019e4                hpcd_USB_OTG_FS
 .bss.mem.0     0x0000000020001ef0      0x220 ./USB_DEVICE/Target/usbd_conf.o
 *(COMMON)
                0x0000000020002110                . = ALIGN (0x4)
                0x0000000020002110                _ebss = .
                0x0000000020002110                __bss_end__ = _ebss

._user_heap_stack
                0x0000000020002110      0x600
                0x0000000020002110                . = ALIGN (0x8)
                [!provide]                        PROVIDE (end = .)
                0x0000000020002110                PROVIDE (_end = .)
                0x0000000020002310                . = (. + _Min_Heap_Size)
 *fill*         0x0000000020002110      0x200 
                0x0000000020002710                . = (. + _Min_Stack_Size)
 *fill*         0x0000000020002310      0x400 
                0x0000000020002710                . = ALIGN (0x8)

/DISCARD/
 libc.a(*)
 libm.a(*)
 libgcc.a(*)

.ARM.attributes
                0x0000000000000000       0x30
 *(.ARM.attributes)
 .ARM.attributes
                0x0000000000000000       0x1e /opt/st/stm32cubeide_1.11.2/plugins/com.st.stm32cube.ide.mcu.externaltools.gnu-tools-for-stm32.10.3-2021.10.linux64_1.0.100.202210260954/tools/bin/../lib/gcc/arm-none-eabi/10.3.1/thumb/v7e-m+fp/hard/crti.o
 .ARM.attributes
                0x000000000000001e       0x34 /opt/st/stm32cubeide_1.11.2/plugins/com.st.stm32cube.ide.mcu.externaltools.gnu-tools-for-stm32.10.3-2021.10.linux64_1.0.100.202210260954/tools/bin/../lib/gcc/arm-none-eabi/10.3.1/thumb/v7e-m+fp/hard/crtbegin.o
 .ARM.attributes
                0x0000000000000052       0x34 ./Core/Src/gpio.o
 .ARM.attributes
                0x0000000000000086       0x34 ./Core/Src/main.o
 .ARM.attributes
                0x00000000000000ba       0x34 ./Core/Src/slider.o
 .ARM.attributes
                0x00000000000000ee       0x34 ./Core/Src/stm32f4xx_hal_msp.o
 .ARM.attributes
                0x0000000000000122       0x34 ./Core/Src/stm32f4xx_it.o
 .ARM.attributes
                0x0000000000000156       0x34 ./Core/Src/system_stm32f4xx.o
 .ARM.attributes
                0x000000000000018a       0x34 ./Core/Src/tim.o
 .ARM.attributes
                0x00000000000001be       0x34 ./Core/Src/usart.o
 .ARM.attributes
                0x00000000000001f2       0x21 ./Core/Startup/startup_stm32f407vgtx.o
 .ARM.attributes
                0x0000000000000213       0x34 ./Drivers/STM32F4xx_HAL_Driver/Src/stm32f4xx_hal.o
 .ARM.attributes
                0x0000000000000247       0x34 ./Drivers/STM32F4xx_HAL_Driver/Src/stm32f4xx_hal_cortex.o
 .ARM.attributes
                0x000000000000027b       0x34 ./Drivers/STM32F4xx_HAL_Driver/Src/stm32f4xx_hal_dma.o
 .ARM.attributes
                0x00000000000002af       0x34 ./Drivers/STM32F4xx_HAL_Driver/Src/stm32f4xx_hal_gpio.o
 .ARM.attributes
                0x00000000000002e3       0x34 ./Drivers/STM32F4xx_HAL_Driver/Src/stm32f4xx_hal_pcd.o
 .ARM.attributes
                0x0000000000000317       0x34 ./Drivers/STM32F4xx_HAL_Driver/Src/stm32f4xx_hal_pcd_ex.o
 .ARM.attributes
                0x000000000000034b       0x34 ./Drivers/STM32F4xx_HAL_Driver/Src/stm32f4xx_hal_rcc.o
 .ARM.attributes
                0x000000000000037f       0x34 ./Drivers/STM32F4xx_HAL_Driver/Src/stm32f4xx_hal_tim.o
 .ARM.attributes
                0x00000000000003b3       0x34 ./Drivers/STM32F4xx_HAL_Driver/Src/stm32f4xx_hal_tim_ex.o
 .ARM.attributes
                0x00000000000003e7       0x34 ./Drivers/STM32F4xx_HAL_Driver/Src/stm32f4xx_hal_uart.o
 .ARM.attributes
                0x000000000000041b       0x34 ./Drivers/STM32F4xx_HAL_Driver/Src/stm32f4xx_ll_usb.o
 .ARM.attributes
                0x000000000000044f       0x34 ./Middlewares/ST/STM32_USB_Device_Library/Class/CDC/Src/usbd_cdc.o
 .ARM.attributes
                0x0000000000000483       0x34 ./Middlewares/ST/STM32_USB_Device_Library/Core/Src/usbd_core.o
 .ARM.attributes
                0x00000000000004b7       0x34 ./Middlewares/ST/STM32_USB_Device_Library/Core/Src/usbd_ctlreq.o
 .ARM.attributes
                0x00000000000004eb       0x34 ./Middlewares/ST/STM32_USB_Device_Library/Core/Src/usbd_ioreq.o
 .ARM.attributes
                0x000000000000051f       0x34 ./USB_DEVICE/App/usb_device.o
 .ARM.attributes
                0x0000000000000553       0x34 ./USB_DEVICE/App/usbd_cdc_if.o
 .ARM.attributes
                0x0000000000000587       0x34 ./USB_DEVICE/App/usbd_desc.o
 .ARM.attributes
                0x00000000000005bb       0x34 ./USB_DEVICE/Target/usbd_conf.o
 .ARM.attributes
                0x00000000000005ef       0x34 /opt/st/stm32cubeide_1.11.2/plugins/com.st.stm32cube.ide.mcu.externaltools.gnu-tools-for-stm32.10.3-2021.10.linux64_1.0.100.202210260954/tools/bin/../lib/gcc/arm-none-eabi/10.3.1/../../../../arm-none-eabi/lib/thumb/v7e-m+fp/hard/libc_nano.a(lib_a-init.o)
 .ARM.attributes
                0x0000000000000623       0x34 /opt/st/stm32cubeide_1.11.2/plugins/com.st.stm32cube.ide.mcu.externaltools.gnu-tools-for-stm32.10.3-2021.10.linux64_1.0.100.202210260954/tools/bin/../lib/gcc/arm-none-eabi/10.3.1/../../../../arm-none-eabi/lib/thumb/v7e-m+fp/hard/libc_nano.a(lib_a-memcpy-stub.o)
 .ARM.attributes
                0x0000000000000657       0x34 /opt/st/stm32cubeide_1.11.2/plugins/com.st.stm32cube.ide.mcu.externaltools.gnu-tools-for-stm32.10.3-2021.10.linux64_1.0.100.202210260954/tools/bin/../lib/gcc/arm-none-eabi/10.3.1/../../../../arm-none-eabi/lib/thumb/v7e-m+fp/hard/libc_nano.a(lib_a-memset.o)
 .ARM.attributes
                0x000000000000068b       0x1e /opt/st/stm32cubeide_1.11.2/plugins/com.st.stm32cube.ide.mcu.externaltools.gnu-tools-for-stm32.10.3-2021.10.linux64_1.0.100.202210260954/tools/bin/../lib/gcc/arm-none-eabi/10.3.1/thumb/v7e-m+fp/hard/libgcc.a(_aeabi_uldivmod.o)
 .ARM.attributes
                0x00000000000006a9       0x34 /opt/st/stm32cubeide_1.11.2/plugins/com.st.stm32cube.ide.mcu.externaltools.gnu-tools-for-stm32.10.3-2021.10.linux64_1.0.100.202210260954/tools/bin/../lib/gcc/arm-none-eabi/10.3.1/thumb/v7e-m+fp/hard/libgcc.a(_udivmoddi4.o)
 .ARM.attributes
                0x00000000000006dd       0x1e /opt/st/stm32cubeide_1.11.2/plugins/com.st.stm32cube.ide.mcu.externaltools.gnu-tools-for-stm32.10.3-2021.10.linux64_1.0.100.202210260954/tools/bin/../lib/gcc/arm-none-eabi/10.3.1/thumb/v7e-m+fp/hard/libgcc.a(_dvmd_tls.o)
 .ARM.attributes
                0x00000000000006fb       0x1e /opt/st/stm32cubeide_1.11.2/plugins/com.st.stm32cube.ide.mcu.externaltools.gnu-tools-for-stm32.10.3-2021.10.linux64_1.0.100.202210260954/tools/bin/../lib/gcc/arm-none-eabi/10.3.1/thumb/v7e-m+fp/hard/crtn.o
OUTPUT(master_rival.elf elf32-littlearm)
LOAD linker stubs
LOAD /opt/st/stm32cubeide_1.11.2/plugins/com.st.stm32cube.ide.mcu.externaltools.gnu-tools-for-stm32.10.3-2021.10.linux64_1.0.100.202210260954/tools/bin/../lib/gcc/arm-none-eabi/10.3.1/../../../../arm-none-eabi/lib/thumb/v7e-m+fp/hard/libc.a
LOAD /opt/st/stm32cubeide_1.11.2/plugins/com.st.stm32cube.ide.mcu.externaltools.gnu-tools-for-stm32.10.3-2021.10.linux64_1.0.100.202210260954/tools/bin/../lib/gcc/arm-none-eabi/10.3.1/../../../../arm-none-eabi/lib/thumb/v7e-m+fp/hard/libm.a
LOAD /opt/st/stm32cubeide_1.11.2/plugins/com.st.stm32cube.ide.mcu.externaltools.gnu-tools-for-stm32.10.3-2021.10.linux64_1.0.100.202210260954/tools/bin/../lib/gcc/arm-none-eabi/10.3.1/thumb/v7e-m+fp/hard/libgcc.a

.debug_info     0x0000000000000000    0x19bc6
 .debug_info    0x0000000000000000      0x4ab ./Core/Src/gpio.o
 .debug_info    0x00000000000004ab     0x166b ./Core/Src/main.o
 .debug_info    0x0000000000001b16      0x529 ./Core/Src/slider.o
 .debug_info    0x000000000000203f      0x2a8 ./Core/Src/stm32f4xx_hal_msp.o
 .debug_info    0x00000000000022e7      0xed0 ./Core/Src/stm32f4xx_it.o
 .debug_info    0x00000000000031b7      0x523 ./Core/Src/system_stm32f4xx.o
 .debug_info    0x00000000000036da     0x11f4 ./Core/Src/tim.o
 .debug_info    0x00000000000048ce      0xc7a ./Core/Src/usart.o
 .debug_info    0x0000000000005548       0x22 ./Core/Startup/startup_stm32f407vgtx.o
 .debug_info    0x000000000000556a      0x97c ./Drivers/STM32F4xx_HAL_Driver/Src/stm32f4xx_hal.o
 .debug_info    0x0000000000005ee6      0xe1b ./Drivers/STM32F4xx_HAL_Driver/Src/stm32f4xx_hal_cortex.o
 .debug_info    0x0000000000006d01      0x94f ./Drivers/STM32F4xx_HAL_Driver/Src/stm32f4xx_hal_dma.o
 .debug_info    0x0000000000007650      0x76a ./Drivers/STM32F4xx_HAL_Driver/Src/stm32f4xx_hal_gpio.o
 .debug_info    0x0000000000007dba     0x1695 ./Drivers/STM32F4xx_HAL_Driver/Src/stm32f4xx_hal_pcd.o
 .debug_info    0x000000000000944f      0x717 ./Drivers/STM32F4xx_HAL_Driver/Src/stm32f4xx_hal_pcd_ex.o
 .debug_info    0x0000000000009b66      0x966 ./Drivers/STM32F4xx_HAL_Driver/Src/stm32f4xx_hal_rcc.o
 .debug_info    0x000000000000a4cc     0x2bbe ./Drivers/STM32F4xx_HAL_Driver/Src/stm32f4xx_hal_tim.o
 .debug_info    0x000000000000d08a     0x15e0 ./Drivers/STM32F4xx_HAL_Driver/Src/stm32f4xx_hal_tim_ex.o
 .debug_info    0x000000000000e66a     0x31bc ./Drivers/STM32F4xx_HAL_Driver/Src/stm32f4xx_hal_uart.o
 .debug_info    0x0000000000011826     0x1a97 ./Drivers/STM32F4xx_HAL_Driver/Src/stm32f4xx_ll_usb.o
 .debug_info    0x00000000000132bd     0x130c ./Middlewares/ST/STM32_USB_Device_Library/Class/CDC/Src/usbd_cdc.o
 .debug_info    0x00000000000145c9      0xee7 ./Middlewares/ST/STM32_USB_Device_Library/Core/Src/usbd_core.o
 .debug_info    0x00000000000154b0      0xb7f ./Middlewares/ST/STM32_USB_Device_Library/Core/Src/usbd_ctlreq.o
 .debug_info    0x000000000001602f      0x7da ./Middlewares/ST/STM32_USB_Device_Library/Core/Src/usbd_ioreq.o
 .debug_info    0x0000000000016809      0x76a ./USB_DEVICE/App/usb_device.o
 .debug_info    0x0000000000016f73      0xa9c ./USB_DEVICE/App/usbd_cdc_if.o
 .debug_info    0x0000000000017a0f      0x498 ./USB_DEVICE/App/usbd_desc.o
 .debug_info    0x0000000000017ea7     0x1d1f ./USB_DEVICE/Target/usbd_conf.o

.debug_abbrev   0x0000000000000000     0x3ad9
 .debug_abbrev  0x0000000000000000      0x146 ./Core/Src/gpio.o
 .debug_abbrev  0x0000000000000146      0x2e8 ./Core/Src/main.o
 .debug_abbrev  0x000000000000042e      0x141 ./Core/Src/slider.o
 .debug_abbrev  0x000000000000056f       0xd4 ./Core/Src/stm32f4xx_hal_msp.o
 .debug_abbrev  0x0000000000000643      0x1f6 ./Core/Src/stm32f4xx_it.o
 .debug_abbrev  0x0000000000000839      0x116 ./Core/Src/system_stm32f4xx.o
 .debug_abbrev  0x000000000000094f      0x25a ./Core/Src/tim.o
 .debug_abbrev  0x0000000000000ba9      0x205 ./Core/Src/usart.o
 .debug_abbrev  0x0000000000000dae       0x12 ./Core/Startup/startup_stm32f407vgtx.o
 .debug_abbrev  0x0000000000000dc0      0x20d ./Drivers/STM32F4xx_HAL_Driver/Src/stm32f4xx_hal.o
 .debug_abbrev  0x0000000000000fcd      0x316 ./Drivers/STM32F4xx_HAL_Driver/Src/stm32f4xx_hal_cortex.o
 .debug_abbrev  0x00000000000012e3      0x25b ./Drivers/STM32F4xx_HAL_Driver/Src/stm32f4xx_hal_dma.o
 .debug_abbrev  0x000000000000153e      0x1c4 ./Drivers/STM32F4xx_HAL_Driver/Src/stm32f4xx_hal_gpio.o
 .debug_abbrev  0x0000000000001702      0x2bb ./Drivers/STM32F4xx_HAL_Driver/Src/stm32f4xx_hal_pcd.o
 .debug_abbrev  0x00000000000019bd      0x1ce ./Drivers/STM32F4xx_HAL_Driver/Src/stm32f4xx_hal_pcd_ex.o
 .debug_abbrev  0x0000000000001b8b      0x2aa ./Drivers/STM32F4xx_HAL_Driver/Src/stm32f4xx_hal_rcc.o
 .debug_abbrev  0x0000000000001e35      0x25d ./Drivers/STM32F4xx_HAL_Driver/Src/stm32f4xx_hal_tim.o
 .debug_abbrev  0x0000000000002092      0x265 ./Drivers/STM32F4xx_HAL_Driver/Src/stm32f4xx_hal_tim_ex.o
 .debug_abbrev  0x00000000000022f7      0x2f4 ./Drivers/STM32F4xx_HAL_Driver/Src/stm32f4xx_hal_uart.o
 .debug_abbrev  0x00000000000025eb      0x296 ./Drivers/STM32F4xx_HAL_Driver/Src/stm32f4xx_ll_usb.o
 .debug_abbrev  0x0000000000002881      0x2be ./Middlewares/ST/STM32_USB_Device_Library/Class/CDC/Src/usbd_cdc.o
 .debug_abbrev  0x0000000000002b3f      0x263 ./Middlewares/ST/STM32_USB_Device_Library/Core/Src/usbd_core.o
 .debug_abbrev  0x0000000000002da2      0x25c ./Middlewares/ST/STM32_USB_Device_Library/Core/Src/usbd_ctlreq.o
 .debug_abbrev  0x0000000000002ffe      0x18a ./Middlewares/ST/STM32_USB_Device_Library/Core/Src/usbd_ioreq.o
 .debug_abbrev  0x0000000000003188      0x18a ./USB_DEVICE/App/usb_device.o
 .debug_abbrev  0x0000000000003312      0x2c2 ./USB_DEVICE/App/usbd_cdc_if.o
 .debug_abbrev  0x00000000000035d4      0x1da ./USB_DEVICE/App/usbd_desc.o
 .debug_abbrev  0x00000000000037ae      0x32b ./USB_DEVICE/Target/usbd_conf.o

.debug_aranges  0x0000000000000000     0x1440
 .debug_aranges
                0x0000000000000000       0x20 ./Core/Src/gpio.o
 .debug_aranges
                0x0000000000000020       0x48 ./Core/Src/main.o
 .debug_aranges
                0x0000000000000068       0x38 ./Core/Src/slider.o
 .debug_aranges
                0x00000000000000a0       0x20 ./Core/Src/stm32f4xx_hal_msp.o
 .debug_aranges
                0x00000000000000c0       0x88 ./Core/Src/stm32f4xx_it.o
 .debug_aranges
                0x0000000000000148       0x28 ./Core/Src/system_stm32f4xx.o
 .debug_aranges
                0x0000000000000170       0x80 ./Core/Src/tim.o
 .debug_aranges
                0x00000000000001f0       0x38 ./Core/Src/usart.o
 .debug_aranges
                0x0000000000000228       0x28 ./Core/Startup/startup_stm32f407vgtx.o
 .debug_aranges
                0x0000000000000250       0xf0 ./Drivers/STM32F4xx_HAL_Driver/Src/stm32f4xx_hal.o
 .debug_aranges
                0x0000000000000340      0x118 ./Drivers/STM32F4xx_HAL_Driver/Src/stm32f4xx_hal_cortex.o
 .debug_aranges
                0x0000000000000458       0x90 ./Drivers/STM32F4xx_HAL_Driver/Src/stm32f4xx_hal_dma.o
 .debug_aranges
                0x00000000000004e8       0x58 ./Drivers/STM32F4xx_HAL_Driver/Src/stm32f4xx_hal_gpio.o
 .debug_aranges
                0x0000000000000540      0x148 ./Drivers/STM32F4xx_HAL_Driver/Src/stm32f4xx_hal_pcd.o
 .debug_aranges
                0x0000000000000688       0x38 ./Drivers/STM32F4xx_HAL_Driver/Src/stm32f4xx_hal_pcd_ex.o
 .debug_aranges
                0x00000000000006c0       0x88 ./Drivers/STM32F4xx_HAL_Driver/Src/stm32f4xx_hal_rcc.o
 .debug_aranges
                0x0000000000000748      0x3d0 ./Drivers/STM32F4xx_HAL_Driver/Src/stm32f4xx_hal_tim.o
 .debug_aranges
                0x0000000000000b18      0x168 ./Drivers/STM32F4xx_HAL_Driver/Src/stm32f4xx_hal_tim_ex.o
 .debug_aranges
                0x0000000000000c80      0x200 ./Drivers/STM32F4xx_HAL_Driver/Src/stm32f4xx_hal_uart.o
 .debug_aranges
                0x0000000000000e80      0x1a0 ./Drivers/STM32F4xx_HAL_Driver/Src/stm32f4xx_ll_usb.o
 .debug_aranges
                0x0000000000001020       0x90 ./Middlewares/ST/STM32_USB_Device_Library/Class/CDC/Src/usbd_cdc.o
 .debug_aranges
                0x00000000000010b0       0xd8 ./Middlewares/ST/STM32_USB_Device_Library/Core/Src/usbd_core.o
 .debug_aranges
                0x0000000000001188       0x90 ./Middlewares/ST/STM32_USB_Device_Library/Core/Src/usbd_ctlreq.o
 .debug_aranges
                0x0000000000001218       0x50 ./Middlewares/ST/STM32_USB_Device_Library/Core/Src/usbd_ioreq.o
 .debug_aranges
                0x0000000000001268       0x20 ./USB_DEVICE/App/usb_device.o
 .debug_aranges
                0x0000000000001288       0x48 ./USB_DEVICE/App/usbd_cdc_if.o
 .debug_aranges
                0x00000000000012d0       0x60 ./USB_DEVICE/App/usbd_desc.o
 .debug_aranges
                0x0000000000001330      0x110 ./USB_DEVICE/Target/usbd_conf.o

.debug_ranges   0x0000000000000000     0x12b8
 .debug_ranges  0x0000000000000000       0x10 ./Core/Src/gpio.o
 .debug_ranges  0x0000000000000010       0x38 ./Core/Src/main.o
 .debug_ranges  0x0000000000000048       0x28 ./Core/Src/slider.o
 .debug_ranges  0x0000000000000070       0x10 ./Core/Src/stm32f4xx_hal_msp.o
 .debug_ranges  0x0000000000000080       0x78 ./Core/Src/stm32f4xx_it.o
 .debug_ranges  0x00000000000000f8       0x18 ./Core/Src/system_stm32f4xx.o
 .debug_ranges  0x0000000000000110       0x70 ./Core/Src/tim.o
 .debug_ranges  0x0000000000000180       0x28 ./Core/Src/usart.o
 .debug_ranges  0x00000000000001a8       0x20 ./Core/Startup/startup_stm32f407vgtx.o